Archive member included to satisfy reference by file (symbol)

c:/program files (x86)/gnu arm embedded toolchain/10 2021.10/bin/../lib/gcc/arm-none-eabi/10.3.1/../../../../arm-none-eabi/lib/thumb/v7-m/nofp\libg_nano.a(lib_a-memcpy-stub.o)
                              gcc/queue.o (memcpy)
c:/program files (x86)/gnu arm embedded toolchain/10 2021.10/bin/../lib/gcc/arm-none-eabi/10.3.1/../../../../arm-none-eabi/lib/thumb/v7-m/nofp\libg_nano.a(lib_a-memset.o)
                              gcc/tasks.o (memset)

Discarded input sections

 .text          0x00000000        0x0 gcc/clock_efm32gg.o
 .data          0x00000000        0x0 gcc/clock_efm32gg.o
 .bss           0x00000000        0x0 gcc/clock_efm32gg.o
 .text.ClockGetConfiguration
                0x00000000      0x1a4 gcc/clock_efm32gg.o
 .text.ClockSetHFClockDivisor
                0x00000000       0x60 gcc/clock_efm32gg.o
 .text.ClockSetPrescalers
                0x00000000       0xb0 gcc/clock_efm32gg.o
 .text.ClockGetPeripheralClockFrequency
                0x00000000       0x18 gcc/clock_efm32gg.o
 .text.ClockGetCoreClockFrequency
                0x00000000       0x18 gcc/clock_efm32gg.o
 .text          0x00000000        0x0 gcc/gpio.o
 .data          0x00000000        0x0 gcc/gpio.o
 .bss           0x00000000        0x0 gcc/gpio.o
 .rodata.GPIOA  0x00000000        0x4 gcc/gpio.o
 .rodata.GPIOB  0x00000000        0x4 gcc/gpio.o
 .rodata.GPIOC  0x00000000        0x4 gcc/gpio.o
 .rodata.GPIOD  0x00000000        0x4 gcc/gpio.o
 .rodata.GPIOE  0x00000000        0x4 gcc/gpio.o
 .rodata.GPIOF  0x00000000        0x4 gcc/gpio.o
 .rodata.GPIO_MODE_DISABLE
                0x00000000        0x4 gcc/gpio.o
 .rodata.GPIO_MODE_INPUT
                0x00000000        0x4 gcc/gpio.o
 .rodata.GPIO_MODE_INPUTPULL
                0x00000000        0x4 gcc/gpio.o
 .rodata.GPIO_MODE_INPUTPULLFILTER
                0x00000000        0x4 gcc/gpio.o
 .rodata.GPIO_MODE_PUSHPULL
                0x00000000        0x4 gcc/gpio.o
 .rodata.GPIO_MODE_PUSHPULLDRIVE
                0x00000000        0x4 gcc/gpio.o
 .rodata.GPIO_MODE_WIREDOR
                0x00000000        0x4 gcc/gpio.o
 .rodata.GPIO_MODE_WIREDORPULLDOWN
                0x00000000        0x4 gcc/gpio.o
 .rodata.GPIO_MODE_WIREDAND
                0x00000000        0x4 gcc/gpio.o
 .rodata.GPIO_MODE_WIREDANDFILTER
                0x00000000        0x4 gcc/gpio.o
 .rodata.GPIO_MODE_WIREDANDPULLUP
                0x00000000        0x4 gcc/gpio.o
 .rodata.GPIO_MODE_WIREDANDPULLUPFILTER
                0x00000000        0x4 gcc/gpio.o
 .rodata.GPIO_MODE_WIREDANDDRIVE
                0x00000000        0x4 gcc/gpio.o
 .rodata.GPIO_MODE_WIREDANDDRIVEFILTER
                0x00000000        0x4 gcc/gpio.o
 .rodata.GPIO_MODE_WIREDANDDRIVEPULLUP
                0x00000000        0x4 gcc/gpio.o
 .rodata.GPIO_MODE_WIREDANDDRIVEPULLUPFILTER
                0x00000000        0x4 gcc/gpio.o
 .text.GPIO_ConfigPins
                0x00000000       0xb0 gcc/gpio.o
 .text.GPIO_Init
                0x00000000       0x48 gcc/gpio.o
 .debug_info    0x00000000      0x680 gcc/gpio.o
 .debug_abbrev  0x00000000      0x12d gcc/gpio.o
 .debug_aranges
                0x00000000       0x28 gcc/gpio.o
 .debug_ranges  0x00000000       0x18 gcc/gpio.o
 .debug_line    0x00000000      0x210 gcc/gpio.o
 .debug_str     0x00000000      0x51b gcc/gpio.o
 .comment       0x00000000       0x4a gcc/gpio.o
 .debug_frame   0x00000000       0x5c gcc/gpio.o
 .ARM.attributes
                0x00000000       0x2d gcc/gpio.o
 .text          0x00000000        0x0 gcc/em_system.o
 .data          0x00000000        0x0 gcc/em_system.o
 .bss           0x00000000        0x0 gcc/em_system.o
 .text.SYSTEM_GetCalibrationValue
                0x00000000       0x58 gcc/em_system.o
 .text          0x00000000        0x0 gcc/led.o
 .data          0x00000000        0x0 gcc/led.o
 .bss           0x00000000        0x0 gcc/led.o
 .rodata.GPIOE  0x00000000        0x4 gcc/led.o
 .text.LED_On   0x00000000       0x24 gcc/led.o
 .text.LED_Toggle
                0x00000000       0x24 gcc/led.o
 .text          0x00000000        0x0 gcc/startup_efm32gg.o
 .data          0x00000000        0x0 gcc/startup_efm32gg.o
 .bss           0x00000000        0x0 gcc/startup_efm32gg.o
 .text.SystemInit
                0x00000000        0xc gcc/startup_efm32gg.o
 .text          0x00000000        0x0 gcc/system_efm32gg.o
 .data          0x00000000        0x0 gcc/system_efm32gg.o
 .bss           0x00000000        0x0 gcc/system_efm32gg.o
 .text.SystemMaxCoreClockGet
                0x00000000       0x14 gcc/system_efm32gg.o
 .text.SystemHFXOClockGet
                0x00000000       0x14 gcc/system_efm32gg.o
 .text.SystemHFXOClockSet
                0x00000000       0x30 gcc/system_efm32gg.o
 .text.SystemLFRCOClockGet
                0x00000000       0x10 gcc/system_efm32gg.o
 .text.SystemULFRCOClockGet
                0x00000000       0x10 gcc/system_efm32gg.o
 .text.SystemLFXOClockGet
                0x00000000       0x14 gcc/system_efm32gg.o
 .text.SystemLFXOClockSet
                0x00000000       0x30 gcc/system_efm32gg.o
 .text          0x00000000        0x0 gcc/button.o
 .data          0x00000000        0x0 gcc/button.o
 .bss           0x00000000        0x0 gcc/button.o
 .rodata.GPIOB  0x00000000        0x4 gcc/button.o
 .text.Button_ReadChanges
                0x00000000       0x3c gcc/button.o
 .text.Button_ReadReleased
                0x00000000       0x3c gcc/button.o
 .text.Button_ReadPressed
                0x00000000       0x3c gcc/button.o
 .text          0x00000000        0x0 gcc/transmissor.o
 .data          0x00000000        0x0 gcc/transmissor.o
 .bss           0x00000000        0x0 gcc/transmissor.o
 .rodata.GPIOD  0x00000000        0x4 gcc/transmissor.o
 .text.TRANSMISSOR_On
                0x00000000       0x24 gcc/transmissor.o
 .text.TRANSMISSOR_Write
                0x00000000       0x2c gcc/transmissor.o
 .text.TRANSMISSOR_Toggle
                0x00000000       0x24 gcc/transmissor.o
 .text          0x00000000        0x0 gcc/main.o
 .data          0x00000000        0x0 gcc/main.o
 .bss           0x00000000        0x0 gcc/main.o
 .data.semiperiodmax
                0x00000000        0x4 gcc/main.o
 .data.semiperiodmin
                0x00000000        0x4 gcc/main.o
 .data.semiperiodstep
                0x00000000        0x4 gcc/main.o
 .data.semiperiod0
                0x00000000        0x4 gcc/main.o
 .data.semiperiod1
                0x00000000        0x4 gcc/main.o
 .text          0x00000000        0x0 gcc/receptor.o
 .data          0x00000000        0x0 gcc/receptor.o
 .bss           0x00000000        0x0 gcc/receptor.o
 .rodata.GPIOD  0x00000000        0x4 gcc/receptor.o
 .text          0x00000000        0x0 gcc/pwm.o
 .data          0x00000000        0x0 gcc/pwm.o
 .bss           0x00000000        0x0 gcc/pwm.o
 .rodata.GPIOA  0x00000000        0x4 gcc/pwm.o
 .rodata.GPIOB  0x00000000        0x4 gcc/pwm.o
 .rodata.GPIOC  0x00000000        0x4 gcc/pwm.o
 .rodata.GPIOD  0x00000000        0x4 gcc/pwm.o
 .rodata.GPIOE  0x00000000        0x4 gcc/pwm.o
 .rodata.GPIOF  0x00000000        0x4 gcc/pwm.o
 .rodata.GPIO_MODE_DISABLE
                0x00000000        0x4 gcc/pwm.o
 .rodata.GPIO_MODE_INPUT
                0x00000000        0x4 gcc/pwm.o
 .rodata.GPIO_MODE_INPUTPULL
                0x00000000        0x4 gcc/pwm.o
 .rodata.GPIO_MODE_INPUTPULLFILTER
                0x00000000        0x4 gcc/pwm.o
 .rodata.GPIO_MODE_PUSHPULL
                0x00000000        0x4 gcc/pwm.o
 .rodata.GPIO_MODE_PUSHPULLDRIVE
                0x00000000        0x4 gcc/pwm.o
 .rodata.GPIO_MODE_WIREDOR
                0x00000000        0x4 gcc/pwm.o
 .rodata.GPIO_MODE_WIREDORPULLDOWN
                0x00000000        0x4 gcc/pwm.o
 .rodata.GPIO_MODE_WIREDAND
                0x00000000        0x4 gcc/pwm.o
 .rodata.GPIO_MODE_WIREDANDFILTER
                0x00000000        0x4 gcc/pwm.o
 .rodata.GPIO_MODE_WIREDANDPULLUP
                0x00000000        0x4 gcc/pwm.o
 .rodata.GPIO_MODE_WIREDANDPULLUPFILTER
                0x00000000        0x4 gcc/pwm.o
 .rodata.GPIO_MODE_WIREDANDDRIVE
                0x00000000        0x4 gcc/pwm.o
 .rodata.GPIO_MODE_WIREDANDDRIVEFILTER
                0x00000000        0x4 gcc/pwm.o
 .rodata.GPIO_MODE_WIREDANDDRIVEPULLUP
                0x00000000        0x4 gcc/pwm.o
 .rodata.GPIO_MODE_WIREDANDDRIVEPULLUPFILTER
                0x00000000        0x4 gcc/pwm.o
 .rodata.NumberOfTimers
                0x00000000        0x4 gcc/pwm.o
 .text.PWM_Read
                0x00000000       0x26 gcc/pwm.o
 .text          0x00000000        0x0 gcc/tasks.o
 .data          0x00000000        0x0 gcc/tasks.o
 .bss           0x00000000        0x0 gcc/tasks.o
 .text.xTaskResumeFromISR
                0x00000000       0xec gcc/tasks.o
 .text.vTaskEndScheduler
                0x00000000       0x30 gcc/tasks.o
 .text.xTaskGetTickCountFromISR
                0x00000000       0x24 gcc/tasks.o
 .text.uxTaskGetNumberOfTasks
                0x00000000       0x14 gcc/tasks.o
 .text.pcTaskGetName
                0x00000000       0x48 gcc/tasks.o
 .text.xTaskCatchUpTicks
                0x00000000       0x50 gcc/tasks.o
 .text.vTaskPlaceOnEventList
                0x00000000       0x48 gcc/tasks.o
 .text.vTaskPlaceOnUnorderedEventList
                0x00000000       0x78 gcc/tasks.o
 .text.xTaskRemoveFromEventList
                0x00000000       0xc4 gcc/tasks.o
 .text.vTaskRemoveFromUnorderedEventList
                0x00000000       0xc4 gcc/tasks.o
 .text.vTaskSetTimeOutState
                0x00000000       0x4c gcc/tasks.o
 .text.vTaskInternalSetTimeOutState
                0x00000000       0x2c gcc/tasks.o
 .text.xTaskCheckForTimeOut
                0x00000000       0xcc gcc/tasks.o
 .text.vTaskMissedYield
                0x00000000       0x18 gcc/tasks.o
 .text.uxTaskResetEventItemValue
                0x00000000       0x30 gcc/tasks.o
 .text.ulTaskGenericNotifyTake
                0x00000000       0xd0 gcc/tasks.o
 .text.xTaskGenericNotifyWait
                0x00000000      0x100 gcc/tasks.o
 .text.xTaskGenericNotify
                0x00000000      0x1c0 gcc/tasks.o
 .text.xTaskGenericNotifyFromISR
                0x00000000      0x204 gcc/tasks.o
 .text.vTaskGenericNotifyGiveFromISR
                0x00000000      0x158 gcc/tasks.o
 .text.xTaskGenericNotifyStateClear
                0x00000000       0x74 gcc/tasks.o
 .text.ulTaskGenericNotifyValueClear
                0x00000000       0x5c gcc/tasks.o
 .text          0x00000000        0x0 gcc/event_groups.o
 .data          0x00000000        0x0 gcc/event_groups.o
 .bss           0x00000000        0x0 gcc/event_groups.o
 .text.xEventGroupCreate
                0x00000000       0x2e gcc/event_groups.o
 .text.xEventGroupSync
                0x00000000      0x12c gcc/event_groups.o
 .text.xEventGroupWaitBits
                0x00000000      0x16c gcc/event_groups.o
 .text.xEventGroupClearBits
                0x00000000       0x70 gcc/event_groups.o
 .text.xEventGroupGetBitsFromISR
                0x00000000       0x46 gcc/event_groups.o
 .text.xEventGroupSetBits
                0x00000000      0x116 gcc/event_groups.o
 .text.vEventGroupDelete
                0x00000000       0x62 gcc/event_groups.o
 .text.vEventGroupSetBitsCallback
                0x00000000       0x1a gcc/event_groups.o
 .text.vEventGroupClearBitsCallback
                0x00000000       0x1a gcc/event_groups.o
 .text.prvTestWaitCondition
                0x00000000       0x42 gcc/event_groups.o
 .debug_info    0x00000000      0x837 gcc/event_groups.o
 .debug_abbrev  0x00000000      0x20b gcc/event_groups.o
 .debug_aranges
                0x00000000       0x68 gcc/event_groups.o
 .debug_ranges  0x00000000       0x58 gcc/event_groups.o
 .debug_line    0x00000000      0x552 gcc/event_groups.o
 .debug_str     0x00000000      0x56c gcc/event_groups.o
 .comment       0x00000000       0x4a gcc/event_groups.o
 .debug_frame   0x00000000      0x180 gcc/event_groups.o
 .ARM.attributes
                0x00000000       0x2d gcc/event_groups.o
 .text          0x00000000        0x0 gcc/list.o
 .data          0x00000000        0x0 gcc/list.o
 .bss           0x00000000        0x0 gcc/list.o
 .text          0x00000000        0x0 gcc/queue.o
 .data          0x00000000        0x0 gcc/queue.o
 .bss           0x00000000        0x0 gcc/queue.o
 .text.xQueueGenericReset
                0x00000000       0xd0 gcc/queue.o
 .text.xQueueGenericCreate
                0x00000000       0xbe gcc/queue.o
 .text.prvInitialiseNewQueue
                0x00000000       0x3e gcc/queue.o
 .text.xQueueGenericSend
                0x00000000      0x1cc gcc/queue.o
 .text.xQueueGenericSendFromISR
                0x00000000      0x154 gcc/queue.o
 .text.xQueueGiveFromISR
                0x00000000      0x138 gcc/queue.o
 .text.xQueueReceive
                0x00000000      0x190 gcc/queue.o
 .text.xQueueSemaphoreTake
                0x00000000      0x174 gcc/queue.o
 .text.xQueuePeek
                0x00000000      0x194 gcc/queue.o
 .text.xQueueReceiveFromISR
                0x00000000      0x11e gcc/queue.o
 .text.xQueuePeekFromISR
                0x00000000       0xd2 gcc/queue.o
 .text.uxQueueMessagesWaiting
                0x00000000       0x3c gcc/queue.o
 .text.uxQueueSpacesAvailable
                0x00000000       0x46 gcc/queue.o
 .text.uxQueueMessagesWaitingFromISR
                0x00000000       0x3a gcc/queue.o
 .text.vQueueDelete
                0x00000000       0x36 gcc/queue.o
 .text.prvCopyDataToQueue
                0x00000000       0xb8 gcc/queue.o
 .text.prvCopyDataFromQueue
                0x00000000       0x4c gcc/queue.o
 .text.prvUnlockQueue
                0x00000000       0xa4 gcc/queue.o
 .text.prvIsQueueEmpty
                0x00000000       0x2c gcc/queue.o
 .text.xQueueIsQueueEmptyFromISR
                0x00000000       0x46 gcc/queue.o
 .text.prvIsQueueFull
                0x00000000       0x30 gcc/queue.o
 .text.xQueueIsQueueFullFromISR
                0x00000000       0x4a gcc/queue.o
 .debug_info    0x00000000     0x1218 gcc/queue.o
 .debug_abbrev  0x00000000      0x207 gcc/queue.o
 .debug_aranges
                0x00000000       0xc8 gcc/queue.o
 .debug_ranges  0x00000000       0xb8 gcc/queue.o
 .debug_line    0x00000000      0xdd6 gcc/queue.o
 .debug_str     0x00000000      0x756 gcc/queue.o
 .comment       0x00000000       0x4a gcc/queue.o
 .debug_frame   0x00000000      0x338 gcc/queue.o
 .ARM.attributes
                0x00000000       0x2d gcc/queue.o
 .text          0x00000000        0x0 gcc/stream_buffer.o
 .data          0x00000000        0x0 gcc/stream_buffer.o
 .bss           0x00000000        0x0 gcc/stream_buffer.o
 .text.xStreamBufferGenericCreate
                0x00000000       0xc4 gcc/stream_buffer.o
 .text.vStreamBufferDelete
                0x00000000       0x4e gcc/stream_buffer.o
 .text.xStreamBufferReset
                0x00000000       0x6c gcc/stream_buffer.o
 .text.xStreamBufferSetTriggerLevel
                0x00000000       0x5a gcc/stream_buffer.o
 .text.xStreamBufferSpacesAvailable
                0x00000000       0x64 gcc/stream_buffer.o
 .text.xStreamBufferBytesAvailable
                0x00000000       0x3a gcc/stream_buffer.o
 .text.xStreamBufferSend
                0x00000000      0x196 gcc/stream_buffer.o
 .text.xStreamBufferSendFromISR
                0x00000000       0xe6 gcc/stream_buffer.o
 .text.prvWriteMessageToBuffer
                0x00000000       0x7a gcc/stream_buffer.o
 .text.xStreamBufferReceive
                0x00000000      0x134 gcc/stream_buffer.o
 .text.xStreamBufferNextMessageLengthBytes
                0x00000000       0x92 gcc/stream_buffer.o
 .text.xStreamBufferReceiveFromISR
                0x00000000       0xe2 gcc/stream_buffer.o
 .text.prvReadMessageFromBuffer
                0x00000000       0x64 gcc/stream_buffer.o
 .text.xStreamBufferIsEmpty
                0x00000000       0x4e gcc/stream_buffer.o
 .text.xStreamBufferIsFull
                0x00000000       0x60 gcc/stream_buffer.o
 .text.xStreamBufferSendCompletedFromISR
                0x00000000       0x8a gcc/stream_buffer.o
 .text.xStreamBufferReceiveCompletedFromISR
                0x00000000       0x8a gcc/stream_buffer.o
 .text.prvWriteBytesToBuffer
                0x00000000       0xe4 gcc/stream_buffer.o
 .text.prvReadBytesFromBuffer
                0x00000000       0xf4 gcc/stream_buffer.o
 .text.prvBytesInBuffer
                0x00000000       0x3e gcc/stream_buffer.o
 .text.prvInitialiseNewStreamBuffer
                0x00000000       0x66 gcc/stream_buffer.o
 .debug_info    0x00000000     0x10bc gcc/stream_buffer.o
 .debug_abbrev  0x00000000      0x274 gcc/stream_buffer.o
 .debug_aranges
                0x00000000       0xc0 gcc/stream_buffer.o
 .debug_ranges  0x00000000       0xb0 gcc/stream_buffer.o
 .debug_line    0x00000000      0xac2 gcc/stream_buffer.o
 .debug_str     0x00000000      0x784 gcc/stream_buffer.o
 .comment       0x00000000       0x4a gcc/stream_buffer.o
 .debug_frame   0x00000000      0x330 gcc/stream_buffer.o
 .ARM.attributes
                0x00000000       0x2d gcc/stream_buffer.o
 .text          0x00000000        0x0 gcc/timers.o
 .data          0x00000000        0x0 gcc/timers.o
 .bss           0x00000000        0x0 gcc/timers.o
 .debug_info    0x00000000       0x72 gcc/timers.o
 .debug_abbrev  0x00000000       0x26 gcc/timers.o
 .debug_aranges
                0x00000000       0x18 gcc/timers.o
 .debug_line    0x00000000       0x1d gcc/timers.o
 .debug_str     0x00000000      0x19d gcc/timers.o
 .comment       0x00000000       0x4a gcc/timers.o
 .ARM.attributes
                0x00000000       0x2d gcc/timers.o
 .text          0x00000000        0x0 gcc/croutine.o
 .data          0x00000000        0x0 gcc/croutine.o
 .bss           0x00000000        0x0 gcc/croutine.o
 .debug_info    0x00000000       0x72 gcc/croutine.o
 .debug_abbrev  0x00000000       0x26 gcc/croutine.o
 .debug_aranges
                0x00000000       0x18 gcc/croutine.o
 .debug_line    0x00000000       0x1d gcc/croutine.o
 .debug_str     0x00000000      0x19f gcc/croutine.o
 .comment       0x00000000       0x4a gcc/croutine.o
 .ARM.attributes
                0x00000000       0x2d gcc/croutine.o
 .text          0x00000000        0x0 gcc/port.o
 .data          0x00000000        0x0 gcc/port.o
 .bss           0x00000000        0x0 gcc/port.o
 .rodata.pcInterruptPriorityRegisters
                0x00000000        0x4 gcc/port.o
 .text.vPortEndScheduler
                0x00000000       0x34 gcc/port.o
 .text.vPortValidateInterruptPriority
                0x00000000       0x7c gcc/port.o
 .text          0x00000000        0x0 gcc/heap_2.o
 .data          0x00000000        0x0 gcc/heap_2.o
 .bss           0x00000000        0x0 gcc/heap_2.o
 .rodata.heapSTRUCT_SIZE
                0x00000000        0x2 gcc/heap_2.o
 .text.xPortGetFreeHeapSize
                0x00000000       0x14 gcc/heap_2.o
 .text.vPortInitialiseBlocks
                0x00000000        0xc gcc/heap_2.o
 .text          0x00000000        0x0 c:/program files (x86)/gnu arm embedded toolchain/10 2021.10/bin/../lib/gcc/arm-none-eabi/10.3.1/../../../../arm-none-eabi/lib/thumb/v7-m/nofp\libg_nano.a(lib_a-memcpy-stub.o)
 .data          0x00000000        0x0 c:/program files (x86)/gnu arm embedded toolchain/10 2021.10/bin/../lib/gcc/arm-none-eabi/10.3.1/../../../../arm-none-eabi/lib/thumb/v7-m/nofp\libg_nano.a(lib_a-memcpy-stub.o)
 .bss           0x00000000        0x0 c:/program files (x86)/gnu arm embedded toolchain/10 2021.10/bin/../lib/gcc/arm-none-eabi/10.3.1/../../../../arm-none-eabi/lib/thumb/v7-m/nofp\libg_nano.a(lib_a-memcpy-stub.o)
 .text.memcpy   0x00000000       0x1c c:/program files (x86)/gnu arm embedded toolchain/10 2021.10/bin/../lib/gcc/arm-none-eabi/10.3.1/../../../../arm-none-eabi/lib/thumb/v7-m/nofp\libg_nano.a(lib_a-memcpy-stub.o)
 .debug_frame   0x00000000       0x28 c:/program files (x86)/gnu arm embedded toolchain/10 2021.10/bin/../lib/gcc/arm-none-eabi/10.3.1/../../../../arm-none-eabi/lib/thumb/v7-m/nofp\libg_nano.a(lib_a-memcpy-stub.o)
 .ARM.attributes
                0x00000000       0x2d c:/program files (x86)/gnu arm embedded toolchain/10 2021.10/bin/../lib/gcc/arm-none-eabi/10.3.1/../../../../arm-none-eabi/lib/thumb/v7-m/nofp\libg_nano.a(lib_a-memcpy-stub.o)
 .text          0x00000000        0x0 c:/program files (x86)/gnu arm embedded toolchain/10 2021.10/bin/../lib/gcc/arm-none-eabi/10.3.1/../../../../arm-none-eabi/lib/thumb/v7-m/nofp\libg_nano.a(lib_a-memset.o)
 .data          0x00000000        0x0 c:/program files (x86)/gnu arm embedded toolchain/10 2021.10/bin/../lib/gcc/arm-none-eabi/10.3.1/../../../../arm-none-eabi/lib/thumb/v7-m/nofp\libg_nano.a(lib_a-memset.o)
 .bss           0x00000000        0x0 c:/program files (x86)/gnu arm embedded toolchain/10 2021.10/bin/../lib/gcc/arm-none-eabi/10.3.1/../../../../arm-none-eabi/lib/thumb/v7-m/nofp\libg_nano.a(lib_a-memset.o)

Memory Configuration

Name             Origin             Length             Attributes
FLASH            0x00000000         0x00100000         xr
RAM              0x20000000         0x00020000         xrw
*default*        0x00000000         0xffffffff

Linker script and memory map

LOAD gcc/clock_efm32gg.o
LOAD gcc/gpio.o
LOAD gcc/em_system.o
LOAD gcc/led.o
LOAD gcc/startup_efm32gg.o
LOAD gcc/system_efm32gg.o
LOAD gcc/button.o
LOAD gcc/transmissor.o
LOAD gcc/main.o
LOAD gcc/receptor.o
LOAD gcc/pwm.o
LOAD gcc/tasks.o
LOAD gcc/event_groups.o
LOAD gcc/list.o
LOAD gcc/queue.o
LOAD gcc/stream_buffer.o
LOAD gcc/timers.o
LOAD gcc/croutine.o
LOAD gcc/port.o
LOAD gcc/heap_2.o
START GROUP
LOAD c:/program files (x86)/gnu arm embedded toolchain/10 2021.10/bin/../lib/gcc/arm-none-eabi/10.3.1/thumb/v7-m/nofp\libgcc.a
LOAD c:/program files (x86)/gnu arm embedded toolchain/10 2021.10/bin/../lib/gcc/arm-none-eabi/10.3.1/../../../../arm-none-eabi/lib/thumb/v7-m/nofp\libg_nano.a
LOAD c:/program files (x86)/gnu arm embedded toolchain/10 2021.10/bin/../lib/gcc/arm-none-eabi/10.3.1/../../../../arm-none-eabi/lib/thumb/v7-m/nofp\libc_nano.a
END GROUP
START GROUP
LOAD c:/program files (x86)/gnu arm embedded toolchain/10 2021.10/bin/../lib/gcc/arm-none-eabi/10.3.1/thumb/v7-m/nofp\libgcc.a
LOAD c:/program files (x86)/gnu arm embedded toolchain/10 2021.10/bin/../lib/gcc/arm-none-eabi/10.3.1/../../../../arm-none-eabi/lib/thumb/v7-m/nofp\libc_nano.a
END GROUP

.text           0x00000000     0x25cd
 *(.vectors)
 .vectors       0x00000000       0xdc gcc/startup_efm32gg.o
                0x00000000                __Vectors
                0x000000dc                __Vectors_End = .
                0x000000dc                __Vectors_Size = (__Vectors_End - __Vectors)
                0x2001b6b8                __end__ = .
 *(.text*)
 .text.SystemCoreClockUpdate
                0x000000dc        0xc gcc/clock_efm32gg.o
 .text.GetProdRev
                0x000000e8       0x18 gcc/clock_efm32gg.o
 .text.nearestpower2exp
                0x00000100       0x6c gcc/clock_efm32gg.o
 .text.SystemCoreClockSet
                0x0000016c      0x2f0 gcc/clock_efm32gg.o
                0x0000016c                SystemCoreClockSet
 .text.ClockConfigureForFrequency
                0x0000045c       0x98 gcc/clock_efm32gg.o
                0x0000045c                ClockConfigureForFrequency
 .text.SYSTEM_ChipRevisionGet
                0x000004f4       0x74 gcc/em_system.o
                0x000004f4                SYSTEM_ChipRevisionGet
 .text.LED_Init
                0x00000568       0x7c gcc/led.o
                0x00000568                LED_Init
 .text.LED_Off  0x000005e4       0x24 gcc/led.o
                0x000005e4                LED_Off
 .text.LED_Write
                0x00000608       0x2c gcc/led.o
                0x00000608                LED_Write
 .text.Reset_Handler
                0x00000634       0x50 gcc/startup_efm32gg.o
                0x00000634                Reset_Handler
 .text._main    0x00000684        0xc gcc/startup_efm32gg.o
                0x00000684                _main
 .text.Default_Handler
                0x00000690       0x24 gcc/startup_efm32gg.o
                0x00000690                TIMER2_IRQHandler
                0x00000690                DebugMon_Handler
                0x00000690                USART0_TX_IRQHandler
                0x00000690                I2C0_IRQHandler
                0x00000690                HardFault_Handler
                0x00000690                LEUART1_IRQHandler
                0x00000690                USART1_RX_IRQHandler
                0x00000690                NMI_Handler
                0x00000690                I2C1_IRQHandler
                0x00000690                TIMER3_IRQHandler
                0x00000690                USART1_TX_IRQHandler
                0x00000690                MSC_IRQHandler
                0x00000690                ADC0_IRQHandler
                0x00000690                UsageFault_Handler
                0x00000690                LEUART0_IRQHandler
                0x00000690                GPIO_EVEN_IRQHandler
                0x00000690                UART0_TX_IRQHandler
                0x00000690                UART1_TX_IRQHandler
                0x00000690                RTC_IRQHandler
                0x00000690                TIMER0_IRQHandler
                0x00000690                LCD_IRQHandler
                0x00000690                PCNT2_IRQHandler
                0x00000690                UART0_RX_IRQHandler
                0x00000690                LETIMER0_IRQHandler
                0x00000690                TIMER1_IRQHandler
                0x00000690                USART2_RX_IRQHandler
                0x00000690                Default_Handler
                0x00000690                EMU_IRQHandler
                0x00000690                PCNT0_IRQHandler
                0x00000690                USB_IRQHandler
                0x00000690                BURTC_IRQHandler
                0x00000690                PCNT1_IRQHandler
                0x00000690                ACMP0_IRQHandler
                0x00000690                USART0_RX_IRQHandler
                0x00000690                MemManage_Handler
                0x00000690                DAC0_IRQHandler
                0x00000690                UART1_RX_IRQHandler
                0x00000690                CMU_IRQHandler
                0x00000690                EBI_IRQHandler
                0x00000690                LESENSE_IRQHandler
                0x00000690                GPIO_ODD_IRQHandler
                0x00000690                AES_IRQHandler
                0x00000690                VCMP_IRQHandler
                0x00000690                DMA_IRQHandler
                0x00000690                BusFault_Handler
                0x00000690                USART2_TX_IRQHandler
 .text.GetProdRev
                0x000006b4       0x18 gcc/system_efm32gg.o
 .text.SystemCoreClockGet
                0x000006cc       0x34 gcc/system_efm32gg.o
                0x000006cc                SystemCoreClockGet
 .text.SystemHFClockGet
                0x00000700      0x118 gcc/system_efm32gg.o
                0x00000700                SystemHFClockGet
 .text.SystemInit
                0x00000818        0xc gcc/system_efm32gg.o
                0x00000818                SystemInit
 .text.Button_Init
                0x00000824       0xa0 gcc/button.o
                0x00000824                Button_Init
 .text.Button_Read
                0x000008c4       0x2c gcc/button.o
                0x000008c4                Button_Read
 .text.TRANSMISSOR_Init
                0x000008f0       0x58 gcc/transmissor.o
                0x000008f0                TRANSMISSOR_Init
 .text.TRANSMISSOR_Off
                0x00000948       0x24 gcc/transmissor.o
                0x00000948                TRANSMISSOR_Off
 .text.NVIC_SetPriority
                0x0000096c       0x54 gcc/main.o
 .text.SysTick_Config
                0x000009c0       0x44 gcc/main.o
 .text.SYSTEM_GetProdRev
                0x00000a04       0x18 gcc/main.o
 .text.CHIP_Init
                0x00000a1c       0x40 gcc/main.o
 .text.Task_BlinkLED2
                0x00000a5c      0x128 gcc/main.o
                0x00000a5c                Task_BlinkLED2
 .text.Task_Button
                0x00000b84       0xb8 gcc/main.o
                0x00000b84                Task_Button
 .text.STOP     0x00000c3c        0x6 gcc/main.o
 *fill*         0x00000c42        0x2 
 .text.main     0x00000c44       0xc8 gcc/main.o
                0x00000c44                main
 .text.Receptor_Init
                0x00000d0c       0x70 gcc/receptor.o
                0x00000d0c                Receptor_Init
 .text.Receptor_Read
                0x00000d7c       0x2c gcc/receptor.o
                0x00000d7c                Receptor_Read
 .text.PWM_Start
                0x00000da8       0x18 gcc/pwm.o
                0x00000da8                PWM_Start
 .text.PWM_Stop
                0x00000dc0       0x18 gcc/pwm.o
                0x00000dc0                PWM_Stop
 .text.FindTimerIndex
                0x00000dd8       0x50 gcc/pwm.o
 .text.EnableTimerClock
                0x00000e28       0x58 gcc/pwm.o
 .text.finddivencoding
                0x00000e80       0x32 gcc/pwm.o
 .text.PWM_Write
                0x00000eb2       0x26 gcc/pwm.o
                0x00000eb2                PWM_Write
 .text.PWM_ConfigTimer
                0x00000ed8       0x52 gcc/pwm.o
                0x00000ed8                PWM_ConfigTimer
 *fill*         0x00000f2a        0x2 
 .text.PWM_ConfigOutputPin
                0x00000f2c      0x120 gcc/pwm.o
 .text.PWM_ConfigChannel
                0x0000104c      0x128 gcc/pwm.o
                0x0000104c                PWM_ConfigChannel
 .text.PWM_Init
                0x00001174       0xd0 gcc/pwm.o
                0x00001174                PWM_Init
 .text.xTaskCreate
                0x00001244       0x82 gcc/tasks.o
                0x00001244                xTaskCreate
 .text.prvInitialiseNewTask
                0x000012c6      0x110 gcc/tasks.o
 *fill*         0x000013d6        0x2 
 .text.prvAddNewTaskToReadyList
                0x000013d8       0xd4 gcc/tasks.o
 .text.xTaskDelayUntil
                0x000014ac       0xfc gcc/tasks.o
                0x000014ac                xTaskDelayUntil
 .text.vTaskDelay
                0x000015a8       0x68 gcc/tasks.o
                0x000015a8                vTaskDelay
 .text.vTaskSuspend
                0x00001610      0x140 gcc/tasks.o
                0x00001610                vTaskSuspend
 .text.prvTaskIsTaskSuspended
                0x00001750       0x60 gcc/tasks.o
 .text.vTaskResume
                0x000017b0       0xbc gcc/tasks.o
                0x000017b0                vTaskResume
 .text.vTaskStartScheduler
                0x0000186c       0x98 gcc/tasks.o
                0x0000186c                vTaskStartScheduler
 .text.vTaskSuspendAll
                0x00001904       0x1c gcc/tasks.o
                0x00001904                vTaskSuspendAll
 .text.xTaskResumeAll
                0x00001920      0x138 gcc/tasks.o
                0x00001920                xTaskResumeAll
 .text.xTaskGetTickCount
                0x00001a58       0x1c gcc/tasks.o
                0x00001a58                xTaskGetTickCount
 .text.xTaskIncrementTick
                0x00001a74      0x170 gcc/tasks.o
                0x00001a74                xTaskIncrementTick
 .text.vTaskSwitchContext
                0x00001be4       0xb4 gcc/tasks.o
                0x00001be4                vTaskSwitchContext
 .text.prvIdleTask
                0x00001c98        0xe gcc/tasks.o
 *fill*         0x00001ca6        0x2 
 .text.prvInitialiseTaskLists
                0x00001ca8       0x74 gcc/tasks.o
 .text.prvCheckTasksWaitingTermination
                0x00001d1c        0xc gcc/tasks.o
 .text.prvResetNextTaskUnblockTime
                0x00001d28       0x34 gcc/tasks.o
 .text.prvAddCurrentTaskToDelayedList
                0x00001d5c       0xcc gcc/tasks.o
 .text.vListInitialise
                0x00001e28       0x3e gcc/list.o
                0x00001e28                vListInitialise
 .text.vListInitialiseItem
                0x00001e66       0x18 gcc/list.o
                0x00001e66                vListInitialiseItem
 .text.vListInsertEnd
                0x00001e7e       0x46 gcc/list.o
                0x00001e7e                vListInsertEnd
 .text.vListInsert
                0x00001ec4       0x70 gcc/list.o
                0x00001ec4                vListInsert
 .text.uxListRemove
                0x00001f34       0x52 gcc/list.o
                0x00001f34                uxListRemove
 *fill*         0x00001f86        0x2 
 .text.pxPortInitialiseStack
                0x00001f88       0x58 gcc/port.o
                0x00001f88                pxPortInitialiseStack
 .text.prvTaskExitError
                0x00001fe0       0x58 gcc/port.o
 *fill*         0x00002038        0x8 
 .text.SVC_Handler
                0x00002040       0x28 gcc/port.o
                0x00002040                SVC_Handler
 .text.prvPortStartFirstTask
                0x00002068       0x24 gcc/port.o
 .text.xPortStartScheduler
                0x0000208c       0xc0 gcc/port.o
                0x0000208c                xPortStartScheduler
 .text.vPortEnterCritical
                0x0000214c       0x60 gcc/port.o
                0x0000214c                vPortEnterCritical
 .text.vPortExitCritical
                0x000021ac       0x50 gcc/port.o
                0x000021ac                vPortExitCritical
 *fill*         0x000021fc        0x4 
 .text.PendSV_Handler
                0x00002200       0x48 gcc/port.o
                0x00002200                PendSV_Handler
 .text.SysTick_Handler
                0x00002248       0x44 gcc/port.o
                0x00002248                SysTick_Handler
 .text.vPortSetupTimerInterrupt
                0x0000228c       0x34 gcc/port.o
                0x0000228c                vPortSetupTimerInterrupt
 .text.pvPortMalloc
                0x000022c0      0x15c gcc/heap_2.o
                0x000022c0                pvPortMalloc
 .text.vPortFree
                0x0000241c       0x74 gcc/heap_2.o
                0x0000241c                vPortFree
 .text.prvHeapInit
                0x00002490       0x50 gcc/heap_2.o
 .text.memset   0x000024e0       0x10 c:/program files (x86)/gnu arm embedded toolchain/10 2021.10/bin/../lib/gcc/arm-none-eabi/10.3.1/../../../../arm-none-eabi/lib/thumb/v7-m/nofp\libg_nano.a(lib_a-memset.o)
                0x000024e0                memset
 *(.init)
 *(.fini)
 *crtbegin.o(.ctors)
 *crtbegin?.o(.ctors)
 *(EXCLUDE_FILE(*crtend.o *crtend?.o) .ctors)
 *(SORT_BY_NAME(.ctors.*))
 *(.ctors)
 *crtbegin.o(.dtors)
 *crtbegin?.o(.dtors)
 *(EXCLUDE_FILE(*crtend.o *crtend?.o) .dtors)
 *(SORT_BY_NAME(.dtors.*))
 *(.dtors)
 *(.rodata*)
 .rodata        0x000024f0        0xb gcc/main.o
 *fill*         0x000024fb        0x1 
 .rodata.timerpins
                0x000024fc       0xb4 gcc/pwm.o
 .rodata.ientable.1
                0x000025b0        0xc gcc/pwm.o
 .rodata.pinenable.0
                0x000025bc        0xc gcc/pwm.o
 .rodata        0x000025c8        0x5 gcc/tasks.o
 *(.eh_frame*)

.glue_7         0x000025d0        0x0
 .glue_7        0x000025d0        0x0 linker stubs

.glue_7t        0x000025d0        0x0
 .glue_7t       0x000025d0        0x0 linker stubs

.vfp11_veneer   0x000025d0        0x0
 .vfp11_veneer  0x000025d0        0x0 linker stubs

.v4_bx          0x000025d0        0x0
 .v4_bx         0x000025d0        0x0 linker stubs

.iplt           0x000025d0        0x0
 .iplt          0x000025d0        0x0 gcc/clock_efm32gg.o

.rel.dyn        0x000025d0        0x0
 .rel.iplt      0x000025d0        0x0 gcc/clock_efm32gg.o

.ARM.extab
 *(.ARM.extab* .gnu.linkonce.armextab.*)
                0x000025cd                __exidx_start = .

.ARM.exidx
 *(.ARM.exidx* .gnu.linkonce.armexidx.*)
                0x000025cd                __exidx_end = .
                0x000025cd                __etext = .

.data           0x20000000       0x38 load address 0x000025cd
                0x20000000                __data_start__ = .
 *(vtable)
 *(.data*)
 .data.SystemHFXOClock
                0x20000000        0x4 gcc/system_efm32gg.o
 .data.SystemLFXOClock
                0x20000004        0x4 gcc/system_efm32gg.o
 .data.timerlist
                0x20000008       0x14 gcc/pwm.o
 .data.timerenabletable.2
                0x2000001c       0x10 gcc/pwm.o
 .data.uxTopUsedPriority
                0x2000002c        0x4 gcc/tasks.o
                0x2000002c                uxTopUsedPriority
 .data.uxCriticalNesting
                0x20000030        0x4 gcc/port.o
 .data.xFreeBytesRemaining
                0x20000034        0x4 gcc/heap_2.o
                0x20000038                . = ALIGN (0x4)
 *(.ram)
                0x20000038                . = ALIGN (0x4)
                [!provide]                PROVIDE (__preinit_array_start = .)
 *(.preinit_array)
                [!provide]                PROVIDE (__preinit_array_end = .)
                0x20000038                . = ALIGN (0x4)
                [!provide]                PROVIDE (__init_array_start = .)
 *(SORT_BY_NAME(.init_array.*))
 *(.init_array)
                [!provide]                PROVIDE (__init_array_end = .)
                0x20000038                . = ALIGN (0x4)
                [!provide]                PROVIDE (__fini_array_start = .)
 *(SORT_BY_NAME(.fini_array.*))
 *(.fini_array)
                [!provide]                PROVIDE (__fini_array_end = .)
 *(.jcr*)
                0x20000038                . = ALIGN (0x4)
                0x20000038                __data_end__ = .

.igot.plt       0x20000038        0x0 load address 0x00002608
 .igot.plt      0x20000038        0x0 gcc/clock_efm32gg.o

.bss            0x20000038    0x1b67c load address 0x00002608
                0x20000038                . = ALIGN (0x4)
                0x20000038                __bss_start__ = .
 *(.bss*)
 .bss.FaultInfo
                0x20000038        0x4 gcc/startup_efm32gg.o
                0x20000038                FaultInfo
 .bss.VecActive
                0x2000003c        0x1 gcc/startup_efm32gg.o
                0x2000003c                VecActive
 *fill*         0x2000003d        0x3 
 .bss.SystemCoreClock
                0x20000040        0x4 gcc/system_efm32gg.o
                0x20000040                SystemCoreClock
 .bss.lastread  0x20000044        0x4 gcc/button.o
 .bss.inputpins
                0x20000048        0x4 gcc/button.o
 .bss.myTaskHandle
                0x2000004c        0x4 gcc/main.o
                0x2000004c                myTaskHandle
 .bss.myTaskHandle1
                0x20000050        0x4 gcc/main.o
                0x20000050                myTaskHandle1
 .bss.transmissao
                0x20000054        0x1 gcc/main.o
                0x20000054                transmissao
 .bss.recepcao  0x20000055        0x1 gcc/main.o
                0x20000055                recepcao
 .bss.iniciou   0x20000056        0x1 gcc/main.o
                0x20000056                iniciou
 *fill*         0x20000057        0x1 
 .bss.cont      0x20000058        0x4 gcc/main.o
                0x20000058                cont
 .bss.dados     0x2000005c    0x11940 gcc/main.o
                0x2000005c                dados
 .bss.lastread  0x2001199c        0x4 gcc/receptor.o
 .bss.inputpins
                0x200119a0        0x4 gcc/receptor.o
 .bss.timer_initialized
                0x200119a4        0x1 gcc/pwm.o
 .bss.channel_initialized
                0x200119a5        0x1 gcc/pwm.o
 *fill*         0x200119a6        0x2 
 .bss.pxCurrentTCB
                0x200119a8        0x4 gcc/tasks.o
                0x200119a8                pxCurrentTCB
 .bss.pxReadyTasksLists
                0x200119ac       0x28 gcc/tasks.o
 .bss.xDelayedTaskList1
                0x200119d4       0x14 gcc/tasks.o
 .bss.xDelayedTaskList2
                0x200119e8       0x14 gcc/tasks.o
 .bss.pxDelayedTaskList
                0x200119fc        0x4 gcc/tasks.o
 .bss.pxOverflowDelayedTaskList
                0x20011a00        0x4 gcc/tasks.o
 .bss.xPendingReadyList
                0x20011a04       0x14 gcc/tasks.o
 .bss.xSuspendedTaskList
                0x20011a18       0x14 gcc/tasks.o
 .bss.uxCurrentNumberOfTasks
                0x20011a2c        0x4 gcc/tasks.o
 .bss.xTickCount
                0x20011a30        0x4 gcc/tasks.o
 .bss.uxTopReadyPriority
                0x20011a34        0x4 gcc/tasks.o
 .bss.xSchedulerRunning
                0x20011a38        0x4 gcc/tasks.o
 .bss.xPendedTicks
                0x20011a3c        0x4 gcc/tasks.o
 .bss.xYieldPending
                0x20011a40        0x4 gcc/tasks.o
 .bss.xNumOfOverflows
                0x20011a44        0x4 gcc/tasks.o
 .bss.uxTaskNumber
                0x20011a48        0x4 gcc/tasks.o
 .bss.xNextTaskUnblockTime
                0x20011a4c        0x4 gcc/tasks.o
 .bss.xIdleTaskHandle
                0x20011a50        0x4 gcc/tasks.o
 .bss.uxSchedulerSuspended
                0x20011a54        0x4 gcc/tasks.o
 .bss.ucMaxSysCallPriority
                0x20011a58        0x1 gcc/port.o
 *fill*         0x20011a59        0x3 
 .bss.ulMaxPRIGROUPValue
                0x20011a5c        0x4 gcc/port.o
 .bss.ucHeap    0x20011a60     0x9c40 gcc/heap_2.o
 .bss.xStart    0x2001b6a0        0x8 gcc/heap_2.o
 .bss.xEnd      0x2001b6a8        0x8 gcc/heap_2.o
 .bss.xHeapHasBeenInitialised.0
                0x2001b6b0        0x4 gcc/heap_2.o
 *(COMMON)
                0x2001b6b4                . = ALIGN (0x4)
                0x2001b6b4                __bss_end__ = .

.heap           0x2001b6b8      0xc00
                0x2001b6b8                __HeapBase = .
                0x2001b6b8                __end__ = .
                0x2001b6b8                end = __end__
                0x2001b6b8                _end = __end__
 *(.heap*)
 .heap          0x2001b6b8      0xc00 gcc/startup_efm32gg.o
                0x2001c2b8                __HeapLimit = .

.stack_dummy    0x2001c2b8      0x400
 *(.stack*)
 .stack         0x2001c2b8      0x400 gcc/startup_efm32gg.o
                0x20020000                __StackTop = (ORIGIN (RAM) + LENGTH (RAM))
                0x2001fc00                __StackLimit = (__StackTop - SIZEOF (.stack_dummy))
                [!provide]                PROVIDE (__stack = __StackTop)
                0x00000001                ASSERT ((__StackLimit >= __HeapLimit), region RAM overflowed with stack)
                0x00000001                ASSERT ((LENGTH (FLASH) >= (__etext + SIZEOF (.data))), FLASH memory overflowed !)
OUTPUT(gcc/freertos1.axf elf32-littlearm)
LOAD linker stubs

.debug_info     0x00000000     0x61b4
 .debug_info    0x00000000      0x8ba gcc/clock_efm32gg.o
 .debug_info    0x000008ba      0x23c gcc/em_system.o
 .debug_info    0x00000af6      0x50e gcc/led.o
 .debug_info    0x00001004      0x3c7 gcc/startup_efm32gg.o
 .debug_info    0x000013cb      0x504 gcc/system_efm32gg.o
 .debug_info    0x000018cf      0x54d gcc/button.o
 .debug_info    0x00001e1c      0x50e gcc/transmissor.o
 .debug_info    0x0000232a      0xafd gcc/main.o
 .debug_info    0x00002e27      0x4a2 gcc/receptor.o
 .debug_info    0x000032c9      0xc55 gcc/pwm.o
 .debug_info    0x00003f1e     0x1822 gcc/tasks.o
 .debug_info    0x00005740      0x2cd gcc/list.o
 .debug_info    0x00005a0d      0x477 gcc/port.o
 .debug_info    0x00005e84      0x330 gcc/heap_2.o

.debug_abbrev   0x00000000     0x168b
 .debug_abbrev  0x00000000      0x1f2 gcc/clock_efm32gg.o
 .debug_abbrev  0x000001f2       0xfd gcc/em_system.o
 .debug_abbrev  0x000002ef      0x12d gcc/led.o
 .debug_abbrev  0x0000041c      0x155 gcc/startup_efm32gg.o
 .debug_abbrev  0x00000571      0x185 gcc/system_efm32gg.o
 .debug_abbrev  0x000006f6      0x13a gcc/button.o
 .debug_abbrev  0x00000830      0x12d gcc/transmissor.o
 .debug_abbrev  0x0000095d      0x27b gcc/main.o
 .debug_abbrev  0x00000bd8      0x11c gcc/receptor.o
 .debug_abbrev  0x00000cf4      0x226 gcc/pwm.o
 .debug_abbrev  0x00000f1a      0x2b8 gcc/tasks.o
 .debug_abbrev  0x000011d2       0xef gcc/list.o
 .debug_abbrev  0x000012c1      0x219 gcc/port.o
 .debug_abbrev  0x000014da      0x1b1 gcc/heap_2.o

.debug_aranges  0x00000000      0x540
 .debug_aranges
                0x00000000       0x68 gcc/clock_efm32gg.o
 .debug_aranges
                0x00000068       0x28 gcc/em_system.o
 .debug_aranges
                0x00000090       0x40 gcc/led.o
 .debug_aranges
                0x000000d0       0x38 gcc/startup_efm32gg.o
 .debug_aranges
                0x00000108       0x70 gcc/system_efm32gg.o
 .debug_aranges
                0x00000178       0x40 gcc/button.o
 .debug_aranges
                0x000001b8       0x40 gcc/transmissor.o
 .debug_aranges
                0x000001f8       0x58 gcc/main.o
 .debug_aranges
                0x00000250       0x28 gcc/receptor.o
 .debug_aranges
                0x00000278       0x70 gcc/pwm.o
 .debug_aranges
                0x000002e8      0x160 gcc/tasks.o
 .debug_aranges
                0x00000448       0x40 gcc/list.o
 .debug_aranges
                0x00000488       0x78 gcc/port.o
 .debug_aranges
                0x00000500       0x40 gcc/heap_2.o

.debug_ranges   0x00000000      0x460
 .debug_ranges  0x00000000       0x58 gcc/clock_efm32gg.o
 .debug_ranges  0x00000058       0x18 gcc/em_system.o
 .debug_ranges  0x00000070       0x30 gcc/led.o
 .debug_ranges  0x000000a0       0x28 gcc/startup_efm32gg.o
 .debug_ranges  0x000000c8       0x60 gcc/system_efm32gg.o
 .debug_ranges  0x00000128       0x30 gcc/button.o
 .debug_ranges  0x00000158       0x30 gcc/transmissor.o
 .debug_ranges  0x00000188       0x48 gcc/main.o
 .debug_ranges  0x000001d0       0x18 gcc/receptor.o
 .debug_ranges  0x000001e8       0x60 gcc/pwm.o
 .debug_ranges  0x00000248      0x150 gcc/tasks.o
 .debug_ranges  0x00000398       0x30 gcc/list.o
 .debug_ranges  0x000003c8       0x68 gcc/port.o
 .debug_ranges  0x00000430       0x30 gcc/heap_2.o

.debug_line     0x00000000     0x3938
 .debug_line    0x00000000      0x60a gcc/clock_efm32gg.o
 .debug_line    0x0000060a      0x1ec gcc/em_system.o
 .debug_line    0x000007f6      0x20a gcc/led.o
 .debug_line    0x00000a00      0x1c7 gcc/startup_efm32gg.o
 .debug_line    0x00000bc7      0x316 gcc/system_efm32gg.o
 .debug_line    0x00000edd      0x237 gcc/button.o
 .debug_line    0x00001114      0x207 gcc/transmissor.o
 .debug_line    0x0000131b      0x4a0 gcc/main.o
 .debug_line    0x000017bb      0x1b6 gcc/receptor.o
 .debug_line    0x00001971      0x45d gcc/pwm.o
 .debug_line    0x00001dce     0x1118 gcc/tasks.o
 .debug_line    0x00002ee6      0x2ab gcc/list.o
 .debug_line    0x00003191      0x427 gcc/port.o
 .debug_line    0x000035b8      0x380 gcc/heap_2.o

.debug_str      0x00000000     0x20ac
 .debug_str     0x00000000      0x577 gcc/clock_efm32gg.o
                                0x5fc (size before relaxing)
 .debug_str     0x00000577       0xf3 gcc/em_system.o
                                0x27c (size before relaxing)
 .debug_str     0x0000066a       0xd6 gcc/led.o
                                0x35f (size before relaxing)
 .debug_str     0x00000740      0x114 gcc/startup_efm32gg.o
                                0x2a7 (size before relaxing)
 .debug_str     0x00000854       0xe0 gcc/system_efm32gg.o
                                0x43d (size before relaxing)
 .debug_str     0x00000934       0x8c gcc/button.o
                                0x3ad (size before relaxing)
 .debug_str     0x000009c0       0xc6 gcc/transmissor.o
                                0x392 (size before relaxing)
 .debug_str     0x00000a86      0x468 gcc/main.o
                                0x842 (size before relaxing)
 .debug_str     0x00000eee       0x27 gcc/receptor.o
                                0x36c (size before relaxing)
 .debug_str     0x00000f15      0x31d gcc/pwm.o
                                0x6d6 (size before relaxing)
 .debug_str     0x00001232      0xa5c gcc/tasks.o
                                0xc88 (size before relaxing)
 .debug_str     0x00001c8e       0xbb gcc/list.o
                                0x2ee (size before relaxing)
 .debug_str     0x00001d49      0x1f5 gcc/port.o
                                0x424 (size before relaxing)
 .debug_str     0x00001f3e      0x16e gcc/heap_2.o
                                0x358 (size before relaxing)

.comment        0x00000000       0x49
 .comment       0x00000000       0x49 gcc/clock_efm32gg.o
                                 0x4a (size before relaxing)
 .comment       0x00000049       0x4a gcc/em_system.o
 .comment       0x00000049       0x4a gcc/led.o
 .comment       0x00000049       0x4a gcc/startup_efm32gg.o
 .comment       0x00000049       0x4a gcc/system_efm32gg.o
 .comment       0x00000049       0x4a gcc/button.o
 .comment       0x00000049       0x4a gcc/transmissor.o
 .comment       0x00000049       0x4a gcc/main.o
 .comment       0x00000049       0x4a gcc/receptor.o
 .comment       0x00000049       0x4a gcc/pwm.o
 .comment       0x00000049       0x4a gcc/tasks.o
 .comment       0x00000049       0x4a gcc/list.o
 .comment       0x00000049       0x4a gcc/port.o
 .comment       0x00000049       0x4a gcc/heap_2.o

.ARM.attributes
                0x00000000       0x2d
 .ARM.attributes
                0x00000000       0x2d gcc/clock_efm32gg.o
 .ARM.attributes
                0x0000002d       0x2d gcc/em_system.o
 .ARM.attributes
                0x0000005a       0x2d gcc/led.o
 .ARM.attributes
                0x00000087       0x2d gcc/startup_efm32gg.o
 .ARM.attributes
                0x000000b4       0x2d gcc/system_efm32gg.o
 .ARM.attributes
                0x000000e1       0x2d gcc/button.o
 .ARM.attributes
                0x0000010e       0x2d gcc/transmissor.o
 .ARM.attributes
                0x0000013b       0x2d gcc/main.o
 .ARM.attributes
                0x00000168       0x2d gcc/receptor.o
 .ARM.attributes
                0x00000195       0x2d gcc/pwm.o
 .ARM.attributes
                0x000001c2       0x2d gcc/tasks.o
 .ARM.attributes
                0x000001ef       0x2d gcc/list.o
 .ARM.attributes
                0x0000021c       0x2d gcc/port.o
 .ARM.attributes
                0x00000249       0x2d gcc/heap_2.o
 .ARM.attributes
                0x00000276       0x2d c:/program files (x86)/gnu arm embedded toolchain/10 2021.10/bin/../lib/gcc/arm-none-eabi/10.3.1/../../../../arm-none-eabi/lib/thumb/v7-m/nofp\libg_nano.a(lib_a-memset.o)

.debug_frame    0x00000000     0x1290
 .debug_frame   0x00000000      0x178 gcc/clock_efm32gg.o
 .debug_frame   0x00000178       0x60 gcc/em_system.o
 .debug_frame   0x000001d8       0xd4 gcc/led.o
 .debug_frame   0x000002ac       0x78 gcc/startup_efm32gg.o
 .debug_frame   0x00000324      0x180 gcc/system_efm32gg.o
 .debug_frame   0x000004a4       0xd0 gcc/button.o
 .debug_frame   0x00000574       0xd4 gcc/transmissor.o
 .debug_frame   0x00000648      0x118 gcc/main.o
 .debug_frame   0x00000760       0x58 gcc/receptor.o
 .debug_frame   0x000007b8      0x1b4 gcc/pwm.o
 .debug_frame   0x0000096c      0x5d4 gcc/tasks.o
 .debug_frame   0x00000f40       0xd8 gcc/list.o
 .debug_frame   0x00001018      0x198 gcc/port.o
 .debug_frame   0x000011b0       0xc0 gcc/heap_2.o
 .debug_frame   0x00001270       0x20 c:/program files (x86)/gnu arm embedded toolchain/10 2021.10/bin/../lib/gcc/arm-none-eabi/10.3.1/../../../../arm-none-eabi/lib/thumb/v7-m/nofp\libg_nano.a(lib_a-memset.o)
