Archive member included to satisfy reference by file (symbol)

c:/program files (x86)/gnu arm embedded toolchain/10 2021.10/bin/../lib/gcc/arm-none-eabi/10.3.1/../../../../arm-none-eabi/lib/thumb/v7-m/nofp\libg_nano.a(lib_a-memcpy-stub.o)
                              gcc/queue.o (memcpy)
c:/program files (x86)/gnu arm embedded toolchain/10 2021.10/bin/../lib/gcc/arm-none-eabi/10.3.1/../../../../arm-none-eabi/lib/thumb/v7-m/nofp\libg_nano.a(lib_a-memset.o)
                              gcc/tasks.o (memset)

Discarded input sections

 .text          0x00000000        0x0 gcc/clock_efm32gg.o
 .data          0x00000000        0x0 gcc/clock_efm32gg.o
 .bss           0x00000000        0x0 gcc/clock_efm32gg.o
 .text.ClockGetConfiguration
                0x00000000      0x1a4 gcc/clock_efm32gg.o
 .text.ClockSetHFClockDivisor
                0x00000000       0x60 gcc/clock_efm32gg.o
 .text.ClockSetPrescalers
                0x00000000       0xb0 gcc/clock_efm32gg.o
 .text.ClockGetPeripheralClockFrequency
                0x00000000       0x18 gcc/clock_efm32gg.o
 .text.ClockGetCoreClockFrequency
                0x00000000       0x18 gcc/clock_efm32gg.o
 .text          0x00000000        0x0 gcc/em_system.o
 .data          0x00000000        0x0 gcc/em_system.o
 .bss           0x00000000        0x0 gcc/em_system.o
 .text.SYSTEM_GetCalibrationValue
                0x00000000       0x58 gcc/em_system.o
 .text          0x00000000        0x0 gcc/led.o
 .data          0x00000000        0x0 gcc/led.o
 .bss           0x00000000        0x0 gcc/led.o
 .rodata.GPIOE  0x00000000        0x4 gcc/led.o
 .text.LED_On   0x00000000       0x24 gcc/led.o
 .text.LED_Toggle
                0x00000000       0x24 gcc/led.o
 .text          0x00000000        0x0 gcc/startup_efm32gg.o
 .data          0x00000000        0x0 gcc/startup_efm32gg.o
 .bss           0x00000000        0x0 gcc/startup_efm32gg.o
 .text.SystemInit
                0x00000000        0xc gcc/startup_efm32gg.o
 .text          0x00000000        0x0 gcc/system_efm32gg.o
 .data          0x00000000        0x0 gcc/system_efm32gg.o
 .bss           0x00000000        0x0 gcc/system_efm32gg.o
 .text.SystemMaxCoreClockGet
                0x00000000       0x14 gcc/system_efm32gg.o
 .text.SystemHFXOClockGet
                0x00000000       0x14 gcc/system_efm32gg.o
 .text.SystemHFXOClockSet
                0x00000000       0x30 gcc/system_efm32gg.o
 .text.SystemLFRCOClockGet
                0x00000000       0x10 gcc/system_efm32gg.o
 .text.SystemULFRCOClockGet
                0x00000000       0x10 gcc/system_efm32gg.o
 .text.SystemLFXOClockGet
                0x00000000       0x14 gcc/system_efm32gg.o
 .text.SystemLFXOClockSet
                0x00000000       0x30 gcc/system_efm32gg.o
 .text          0x00000000        0x0 gcc/transmissor.o
 .data          0x00000000        0x0 gcc/transmissor.o
 .bss           0x00000000        0x0 gcc/transmissor.o
 .rodata.GPIOD  0x00000000        0x4 gcc/transmissor.o
 .text.TRANSMISSOR_Write
                0x00000000       0x2c gcc/transmissor.o
 .text.TRANSMISSOR_Toggle
                0x00000000       0x24 gcc/transmissor.o
 .text          0x00000000        0x0 gcc/button.o
 .data          0x00000000        0x0 gcc/button.o
 .bss           0x00000000        0x0 gcc/button.o
 .rodata.GPIOB  0x00000000        0x4 gcc/button.o
 .text.Button_ReadChanges
                0x00000000       0x3c gcc/button.o
 .text.Button_ReadReleased
                0x00000000       0x3c gcc/button.o
 .text.Button_ReadPressed
                0x00000000       0x3c gcc/button.o
 .text          0x00000000        0x0 gcc/main.o
 .data          0x00000000        0x0 gcc/main.o
 .bss           0x00000000        0x0 gcc/main.o
 .data.semiperiodmax
                0x00000000        0x4 gcc/main.o
 .data.semiperiodmin
                0x00000000        0x4 gcc/main.o
 .data.semiperiodstep
                0x00000000        0x4 gcc/main.o
 .data.semiperiod0
                0x00000000        0x4 gcc/main.o
 .data.semiperiod1
                0x00000000        0x4 gcc/main.o
 .text          0x00000000        0x0 gcc/receptor.o
 .data          0x00000000        0x0 gcc/receptor.o
 .bss           0x00000000        0x0 gcc/receptor.o
 .rodata.GPIOD  0x00000000        0x4 gcc/receptor.o
 .text          0x00000000        0x0 gcc/tasks.o
 .data          0x00000000        0x0 gcc/tasks.o
 .bss           0x00000000        0x0 gcc/tasks.o
 .text.vTaskEndScheduler
                0x00000000       0x30 gcc/tasks.o
 .text.xTaskGetTickCountFromISR
                0x00000000       0x24 gcc/tasks.o
 .text.uxTaskGetNumberOfTasks
                0x00000000       0x14 gcc/tasks.o
 .text.pcTaskGetName
                0x00000000       0x48 gcc/tasks.o
 .text.xTaskCatchUpTicks
                0x00000000       0x50 gcc/tasks.o
 .text.vTaskPlaceOnEventList
                0x00000000       0x48 gcc/tasks.o
 .text.vTaskPlaceOnUnorderedEventList
                0x00000000       0x78 gcc/tasks.o
 .text.xTaskRemoveFromEventList
                0x00000000       0xc4 gcc/tasks.o
 .text.vTaskRemoveFromUnorderedEventList
                0x00000000       0xc4 gcc/tasks.o
 .text.vTaskSetTimeOutState
                0x00000000       0x4c gcc/tasks.o
 .text.vTaskInternalSetTimeOutState
                0x00000000       0x2c gcc/tasks.o
 .text.xTaskCheckForTimeOut
                0x00000000       0xbc gcc/tasks.o
 .text.vTaskMissedYield
                0x00000000       0x18 gcc/tasks.o
 .text.uxTaskResetEventItemValue
                0x00000000       0x30 gcc/tasks.o
 .text.ulTaskGenericNotifyTake
                0x00000000       0xd0 gcc/tasks.o
 .text.xTaskGenericNotifyWait
                0x00000000      0x100 gcc/tasks.o
 .text.xTaskGenericNotify
                0x00000000      0x1c0 gcc/tasks.o
 .text.xTaskGenericNotifyFromISR
                0x00000000      0x204 gcc/tasks.o
 .text.vTaskGenericNotifyGiveFromISR
                0x00000000      0x158 gcc/tasks.o
 .text.xTaskGenericNotifyStateClear
                0x00000000       0x74 gcc/tasks.o
 .text.ulTaskGenericNotifyValueClear
                0x00000000       0x5c gcc/tasks.o
 .text          0x00000000        0x0 gcc/event_groups.o
 .data          0x00000000        0x0 gcc/event_groups.o
 .bss           0x00000000        0x0 gcc/event_groups.o
 .text.xEventGroupCreate
                0x00000000       0x2e gcc/event_groups.o
 .text.xEventGroupSync
                0x00000000      0x12c gcc/event_groups.o
 .text.xEventGroupWaitBits
                0x00000000      0x16c gcc/event_groups.o
 .text.xEventGroupClearBits
                0x00000000       0x70 gcc/event_groups.o
 .text.xEventGroupGetBitsFromISR
                0x00000000       0x46 gcc/event_groups.o
 .text.xEventGroupSetBits
                0x00000000      0x116 gcc/event_groups.o
 .text.vEventGroupDelete
                0x00000000       0x62 gcc/event_groups.o
 .text.vEventGroupSetBitsCallback
                0x00000000       0x1a gcc/event_groups.o
 .text.vEventGroupClearBitsCallback
                0x00000000       0x1a gcc/event_groups.o
 .text.prvTestWaitCondition
                0x00000000       0x42 gcc/event_groups.o
 .debug_info    0x00000000      0x837 gcc/event_groups.o
 .debug_abbrev  0x00000000      0x20b gcc/event_groups.o
 .debug_aranges
                0x00000000       0x68 gcc/event_groups.o
 .debug_ranges  0x00000000       0x58 gcc/event_groups.o
 .debug_line    0x00000000      0x552 gcc/event_groups.o
 .debug_str     0x00000000      0x54a gcc/event_groups.o
 .comment       0x00000000       0x4a gcc/event_groups.o
 .debug_frame   0x00000000      0x180 gcc/event_groups.o
 .ARM.attributes
                0x00000000       0x2d gcc/event_groups.o
 .text          0x00000000        0x0 gcc/list.o
 .data          0x00000000        0x0 gcc/list.o
 .bss           0x00000000        0x0 gcc/list.o
 .text          0x00000000        0x0 gcc/queue.o
 .data          0x00000000        0x0 gcc/queue.o
 .bss           0x00000000        0x0 gcc/queue.o
 .text.xQueueGenericReset
                0x00000000       0xd0 gcc/queue.o
 .text.xQueueGenericCreate
                0x00000000       0xbe gcc/queue.o
 .text.prvInitialiseNewQueue
                0x00000000       0x3e gcc/queue.o
 .text.xQueueGenericSend
                0x00000000      0x1cc gcc/queue.o
 .text.xQueueGenericSendFromISR
                0x00000000      0x154 gcc/queue.o
 .text.xQueueGiveFromISR
                0x00000000      0x138 gcc/queue.o
 .text.xQueueReceive
                0x00000000      0x190 gcc/queue.o
 .text.xQueueSemaphoreTake
                0x00000000      0x174 gcc/queue.o
 .text.xQueuePeek
                0x00000000      0x194 gcc/queue.o
 .text.xQueueReceiveFromISR
                0x00000000      0x11e gcc/queue.o
 .text.xQueuePeekFromISR
                0x00000000       0xd2 gcc/queue.o
 .text.uxQueueMessagesWaiting
                0x00000000       0x3c gcc/queue.o
 .text.uxQueueSpacesAvailable
                0x00000000       0x46 gcc/queue.o
 .text.uxQueueMessagesWaitingFromISR
                0x00000000       0x3a gcc/queue.o
 .text.vQueueDelete
                0x00000000       0x36 gcc/queue.o
 .text.prvCopyDataToQueue
                0x00000000       0xb8 gcc/queue.o
 .text.prvCopyDataFromQueue
                0x00000000       0x4c gcc/queue.o
 .text.prvUnlockQueue
                0x00000000       0xa4 gcc/queue.o
 .text.prvIsQueueEmpty
                0x00000000       0x2c gcc/queue.o
 .text.xQueueIsQueueEmptyFromISR
                0x00000000       0x46 gcc/queue.o
 .text.prvIsQueueFull
                0x00000000       0x30 gcc/queue.o
 .text.xQueueIsQueueFullFromISR
                0x00000000       0x4a gcc/queue.o
 .debug_info    0x00000000     0x1218 gcc/queue.o
 .debug_abbrev  0x00000000      0x207 gcc/queue.o
 .debug_aranges
                0x00000000       0xc8 gcc/queue.o
 .debug_ranges  0x00000000       0xb8 gcc/queue.o
 .debug_line    0x00000000      0xdd6 gcc/queue.o
 .debug_str     0x00000000      0x734 gcc/queue.o
 .comment       0x00000000       0x4a gcc/queue.o
 .debug_frame   0x00000000      0x338 gcc/queue.o
 .ARM.attributes
                0x00000000       0x2d gcc/queue.o
 .text          0x00000000        0x0 gcc/stream_buffer.o
 .data          0x00000000        0x0 gcc/stream_buffer.o
 .bss           0x00000000        0x0 gcc/stream_buffer.o
 .text.xStreamBufferGenericCreate
                0x00000000       0xc4 gcc/stream_buffer.o
 .text.vStreamBufferDelete
                0x00000000       0x4e gcc/stream_buffer.o
 .text.xStreamBufferReset
                0x00000000       0x6c gcc/stream_buffer.o
 .text.xStreamBufferSetTriggerLevel
                0x00000000       0x5a gcc/stream_buffer.o
 .text.xStreamBufferSpacesAvailable
                0x00000000       0x64 gcc/stream_buffer.o
 .text.xStreamBufferBytesAvailable
                0x00000000       0x3a gcc/stream_buffer.o
 .text.xStreamBufferSend
                0x00000000      0x196 gcc/stream_buffer.o
 .text.xStreamBufferSendFromISR
                0x00000000       0xe6 gcc/stream_buffer.o
 .text.prvWriteMessageToBuffer
                0x00000000       0x7a gcc/stream_buffer.o
 .text.xStreamBufferReceive
                0x00000000      0x134 gcc/stream_buffer.o
 .text.xStreamBufferNextMessageLengthBytes
                0x00000000       0x92 gcc/stream_buffer.o
 .text.xStreamBufferReceiveFromISR
                0x00000000       0xe2 gcc/stream_buffer.o
 .text.prvReadMessageFromBuffer
                0x00000000       0x64 gcc/stream_buffer.o
 .text.xStreamBufferIsEmpty
                0x00000000       0x4e gcc/stream_buffer.o
 .text.xStreamBufferIsFull
                0x00000000       0x60 gcc/stream_buffer.o
 .text.xStreamBufferSendCompletedFromISR
                0x00000000       0x8a gcc/stream_buffer.o
 .text.xStreamBufferReceiveCompletedFromISR
                0x00000000       0x8a gcc/stream_buffer.o
 .text.prvWriteBytesToBuffer
                0x00000000       0xe4 gcc/stream_buffer.o
 .text.prvReadBytesFromBuffer
                0x00000000       0xf4 gcc/stream_buffer.o
 .text.prvBytesInBuffer
                0x00000000       0x3e gcc/stream_buffer.o
 .text.prvInitialiseNewStreamBuffer
                0x00000000       0x66 gcc/stream_buffer.o
 .debug_info    0x00000000     0x10bc gcc/stream_buffer.o
 .debug_abbrev  0x00000000      0x274 gcc/stream_buffer.o
 .debug_aranges
                0x00000000       0xc0 gcc/stream_buffer.o
 .debug_ranges  0x00000000       0xb0 gcc/stream_buffer.o
 .debug_line    0x00000000      0xac2 gcc/stream_buffer.o
 .debug_str     0x00000000      0x762 gcc/stream_buffer.o
 .comment       0x00000000       0x4a gcc/stream_buffer.o
 .debug_frame   0x00000000      0x330 gcc/stream_buffer.o
 .ARM.attributes
                0x00000000       0x2d gcc/stream_buffer.o
 .text          0x00000000        0x0 gcc/timers.o
 .data          0x00000000        0x0 gcc/timers.o
 .bss           0x00000000        0x0 gcc/timers.o
 .debug_info    0x00000000       0x72 gcc/timers.o
 .debug_abbrev  0x00000000       0x26 gcc/timers.o
 .debug_aranges
                0x00000000       0x18 gcc/timers.o
 .debug_line    0x00000000       0x1d gcc/timers.o
 .debug_str     0x00000000      0x17b gcc/timers.o
 .comment       0x00000000       0x4a gcc/timers.o
 .ARM.attributes
                0x00000000       0x2d gcc/timers.o
 .text          0x00000000        0x0 gcc/croutine.o
 .data          0x00000000        0x0 gcc/croutine.o
 .bss           0x00000000        0x0 gcc/croutine.o
 .debug_info    0x00000000       0x72 gcc/croutine.o
 .debug_abbrev  0x00000000       0x26 gcc/croutine.o
 .debug_aranges
                0x00000000       0x18 gcc/croutine.o
 .debug_line    0x00000000       0x1d gcc/croutine.o
 .debug_str     0x00000000      0x17d gcc/croutine.o
 .comment       0x00000000       0x4a gcc/croutine.o
 .ARM.attributes
                0x00000000       0x2d gcc/croutine.o
 .text          0x00000000        0x0 gcc/port.o
 .data          0x00000000        0x0 gcc/port.o
 .bss           0x00000000        0x0 gcc/port.o
 .rodata.pcInterruptPriorityRegisters
                0x00000000        0x4 gcc/port.o
 .text.vPortEndScheduler
                0x00000000       0x34 gcc/port.o
 .text.vPortValidateInterruptPriority
                0x00000000       0x7c gcc/port.o
 .text          0x00000000        0x0 gcc/heap_2.o
 .data          0x00000000        0x0 gcc/heap_2.o
 .bss           0x00000000        0x0 gcc/heap_2.o
 .rodata.heapSTRUCT_SIZE
                0x00000000        0x2 gcc/heap_2.o
 .text.xPortGetFreeHeapSize
                0x00000000       0x14 gcc/heap_2.o
 .text.vPortInitialiseBlocks
                0x00000000        0xc gcc/heap_2.o
 .text          0x00000000        0x0 c:/program files (x86)/gnu arm embedded toolchain/10 2021.10/bin/../lib/gcc/arm-none-eabi/10.3.1/../../../../arm-none-eabi/lib/thumb/v7-m/nofp\libg_nano.a(lib_a-memcpy-stub.o)
 .data          0x00000000        0x0 c:/program files (x86)/gnu arm embedded toolchain/10 2021.10/bin/../lib/gcc/arm-none-eabi/10.3.1/../../../../arm-none-eabi/lib/thumb/v7-m/nofp\libg_nano.a(lib_a-memcpy-stub.o)
 .bss           0x00000000        0x0 c:/program files (x86)/gnu arm embedded toolchain/10 2021.10/bin/../lib/gcc/arm-none-eabi/10.3.1/../../../../arm-none-eabi/lib/thumb/v7-m/nofp\libg_nano.a(lib_a-memcpy-stub.o)
 .text.memcpy   0x00000000       0x1c c:/program files (x86)/gnu arm embedded toolchain/10 2021.10/bin/../lib/gcc/arm-none-eabi/10.3.1/../../../../arm-none-eabi/lib/thumb/v7-m/nofp\libg_nano.a(lib_a-memcpy-stub.o)
 .debug_frame   0x00000000       0x28 c:/program files (x86)/gnu arm embedded toolchain/10 2021.10/bin/../lib/gcc/arm-none-eabi/10.3.1/../../../../arm-none-eabi/lib/thumb/v7-m/nofp\libg_nano.a(lib_a-memcpy-stub.o)
 .ARM.attributes
                0x00000000       0x2d c:/program files (x86)/gnu arm embedded toolchain/10 2021.10/bin/../lib/gcc/arm-none-eabi/10.3.1/../../../../arm-none-eabi/lib/thumb/v7-m/nofp\libg_nano.a(lib_a-memcpy-stub.o)
 .text          0x00000000        0x0 c:/program files (x86)/gnu arm embedded toolchain/10 2021.10/bin/../lib/gcc/arm-none-eabi/10.3.1/../../../../arm-none-eabi/lib/thumb/v7-m/nofp\libg_nano.a(lib_a-memset.o)
 .data          0x00000000        0x0 c:/program files (x86)/gnu arm embedded toolchain/10 2021.10/bin/../lib/gcc/arm-none-eabi/10.3.1/../../../../arm-none-eabi/lib/thumb/v7-m/nofp\libg_nano.a(lib_a-memset.o)
 .bss           0x00000000        0x0 c:/program files (x86)/gnu arm embedded toolchain/10 2021.10/bin/../lib/gcc/arm-none-eabi/10.3.1/../../../../arm-none-eabi/lib/thumb/v7-m/nofp\libg_nano.a(lib_a-memset.o)

Memory Configuration

Name             Origin             Length             Attributes
FLASH            0x00000000         0x00100000         xr
RAM              0x20000000         0x00020000         xrw
*default*        0x00000000         0xffffffff

Linker script and memory map

LOAD gcc/clock_efm32gg.o
LOAD gcc/em_system.o
LOAD gcc/led.o
LOAD gcc/startup_efm32gg.o
LOAD gcc/system_efm32gg.o
LOAD gcc/transmissor.o
LOAD gcc/button.o
LOAD gcc/main.o
LOAD gcc/receptor.o
LOAD gcc/tasks.o
LOAD gcc/event_groups.o
LOAD gcc/list.o
LOAD gcc/queue.o
LOAD gcc/stream_buffer.o
LOAD gcc/timers.o
LOAD gcc/croutine.o
LOAD gcc/port.o
LOAD gcc/heap_2.o
START GROUP
LOAD c:/program files (x86)/gnu arm embedded toolchain/10 2021.10/bin/../lib/gcc/arm-none-eabi/10.3.1/thumb/v7-m/nofp\libgcc.a
LOAD c:/program files (x86)/gnu arm embedded toolchain/10 2021.10/bin/../lib/gcc/arm-none-eabi/10.3.1/../../../../arm-none-eabi/lib/thumb/v7-m/nofp\libg_nano.a
LOAD c:/program files (x86)/gnu arm embedded toolchain/10 2021.10/bin/../lib/gcc/arm-none-eabi/10.3.1/../../../../arm-none-eabi/lib/thumb/v7-m/nofp\libc_nano.a
END GROUP
START GROUP
LOAD c:/program files (x86)/gnu arm embedded toolchain/10 2021.10/bin/../lib/gcc/arm-none-eabi/10.3.1/thumb/v7-m/nofp\libgcc.a
LOAD c:/program files (x86)/gnu arm embedded toolchain/10 2021.10/bin/../lib/gcc/arm-none-eabi/10.3.1/../../../../arm-none-eabi/lib/thumb/v7-m/nofp\libc_nano.a
END GROUP

.text           0x00000000     0x1d91
 *(.vectors)
 .vectors       0x00000000       0xdc gcc/startup_efm32gg.o
                0x00000000                __Vectors
                0x000000dc                __Vectors_End = .
                0x000000dc                __Vectors_Size = (__Vectors_End - __Vectors)
                0x2000cc10                __end__ = .
 *(.text*)
 .text.SystemCoreClockUpdate
                0x000000dc        0xc gcc/clock_efm32gg.o
 .text.GetProdRev
                0x000000e8       0x18 gcc/clock_efm32gg.o
 .text.nearestpower2exp
                0x00000100       0x6c gcc/clock_efm32gg.o
 .text.SystemCoreClockSet
                0x0000016c      0x2f0 gcc/clock_efm32gg.o
                0x0000016c                SystemCoreClockSet
 .text.ClockConfigureForFrequency
                0x0000045c       0x98 gcc/clock_efm32gg.o
                0x0000045c                ClockConfigureForFrequency
 .text.SYSTEM_ChipRevisionGet
                0x000004f4       0x74 gcc/em_system.o
                0x000004f4                SYSTEM_ChipRevisionGet
 .text.LED_Init
                0x00000568       0x7c gcc/led.o
                0x00000568                LED_Init
 .text.LED_Off  0x000005e4       0x24 gcc/led.o
                0x000005e4                LED_Off
 .text.LED_Write
                0x00000608       0x2c gcc/led.o
                0x00000608                LED_Write
 .text.Reset_Handler
                0x00000634       0x50 gcc/startup_efm32gg.o
                0x00000634                Reset_Handler
 .text._main    0x00000684        0xc gcc/startup_efm32gg.o
                0x00000684                _main
 .text.Default_Handler
                0x00000690       0x24 gcc/startup_efm32gg.o
                0x00000690                TIMER2_IRQHandler
                0x00000690                DebugMon_Handler
                0x00000690                USART0_TX_IRQHandler
                0x00000690                I2C0_IRQHandler
                0x00000690                HardFault_Handler
                0x00000690                LEUART1_IRQHandler
                0x00000690                USART1_RX_IRQHandler
                0x00000690                NMI_Handler
                0x00000690                I2C1_IRQHandler
                0x00000690                TIMER3_IRQHandler
                0x00000690                USART1_TX_IRQHandler
                0x00000690                MSC_IRQHandler
                0x00000690                ADC0_IRQHandler
                0x00000690                UsageFault_Handler
                0x00000690                LEUART0_IRQHandler
                0x00000690                GPIO_EVEN_IRQHandler
                0x00000690                UART0_TX_IRQHandler
                0x00000690                UART1_TX_IRQHandler
                0x00000690                RTC_IRQHandler
                0x00000690                TIMER0_IRQHandler
                0x00000690                LCD_IRQHandler
                0x00000690                PCNT2_IRQHandler
                0x00000690                UART0_RX_IRQHandler
                0x00000690                LETIMER0_IRQHandler
                0x00000690                TIMER1_IRQHandler
                0x00000690                USART2_RX_IRQHandler
                0x00000690                Default_Handler
                0x00000690                EMU_IRQHandler
                0x00000690                PCNT0_IRQHandler
                0x00000690                USB_IRQHandler
                0x00000690                BURTC_IRQHandler
                0x00000690                PCNT1_IRQHandler
                0x00000690                ACMP0_IRQHandler
                0x00000690                USART0_RX_IRQHandler
                0x00000690                MemManage_Handler
                0x00000690                DAC0_IRQHandler
                0x00000690                UART1_RX_IRQHandler
                0x00000690                CMU_IRQHandler
                0x00000690                EBI_IRQHandler
                0x00000690                LESENSE_IRQHandler
                0x00000690                GPIO_ODD_IRQHandler
                0x00000690                AES_IRQHandler
                0x00000690                VCMP_IRQHandler
                0x00000690                DMA_IRQHandler
                0x00000690                BusFault_Handler
                0x00000690                USART2_TX_IRQHandler
 .text.GetProdRev
                0x000006b4       0x18 gcc/system_efm32gg.o
 .text.SystemCoreClockGet
                0x000006cc       0x34 gcc/system_efm32gg.o
                0x000006cc                SystemCoreClockGet
 .text.SystemHFClockGet
                0x00000700      0x118 gcc/system_efm32gg.o
                0x00000700                SystemHFClockGet
 .text.SystemInit
                0x00000818        0xc gcc/system_efm32gg.o
                0x00000818                SystemInit
 .text.TRANSMISSOR_Init
                0x00000824       0x58 gcc/transmissor.o
                0x00000824                TRANSMISSOR_Init
 .text.TRANSMISSOR_On
                0x0000087c       0x24 gcc/transmissor.o
                0x0000087c                TRANSMISSOR_On
 .text.TRANSMISSOR_Off
                0x000008a0       0x24 gcc/transmissor.o
                0x000008a0                TRANSMISSOR_Off
 .text.Button_Init
                0x000008c4       0xa0 gcc/button.o
                0x000008c4                Button_Init
 .text.Button_Read
                0x00000964       0x2c gcc/button.o
                0x00000964                Button_Read
 .text.__NVIC_SetPriority
                0x00000990       0x54 gcc/main.o
 .text.SysTick_Config
                0x000009e4       0x44 gcc/main.o
 .text.SYSTEM_GetProdRev
                0x00000a28       0x18 gcc/main.o
 .text.CHIP_Init
                0x00000a40       0x40 gcc/main.o
 .text.Task_BlinkLED2
                0x00000a80      0x10c gcc/main.o
                0x00000a80                Task_BlinkLED2
 .text.Task_Button
                0x00000b8c       0x90 gcc/main.o
                0x00000b8c                Task_Button
 .text.STOP     0x00000c1c        0x6 gcc/main.o
 *fill*         0x00000c22        0x2 
 .text.main     0x00000c24       0xa4 gcc/main.o
                0x00000c24                main
 .text.Receptor_Init
                0x00000cc8       0x70 gcc/receptor.o
                0x00000cc8                Receptor_Init
 .text.Receptor_Read
                0x00000d38       0x2c gcc/receptor.o
                0x00000d38                Receptor_Read
 .text.xTaskCreate
                0x00000d64       0x82 gcc/tasks.o
                0x00000d64                xTaskCreate
 .text.prvInitialiseNewTask
                0x00000de6      0x110 gcc/tasks.o
 *fill*         0x00000ef6        0x2 
 .text.prvAddNewTaskToReadyList
                0x00000ef8       0xd4 gcc/tasks.o
 .text.xTaskDelayUntil
                0x00000fcc       0xfc gcc/tasks.o
                0x00000fcc                xTaskDelayUntil
 .text.vTaskDelay
                0x000010c8       0x68 gcc/tasks.o
                0x000010c8                vTaskDelay
 .text.vTaskStartScheduler
                0x00001130       0x98 gcc/tasks.o
                0x00001130                vTaskStartScheduler
 .text.vTaskSuspendAll
                0x000011c8       0x1c gcc/tasks.o
                0x000011c8                vTaskSuspendAll
 .text.xTaskResumeAll
                0x000011e4      0x138 gcc/tasks.o
                0x000011e4                xTaskResumeAll
 .text.xTaskGetTickCount
                0x0000131c       0x1c gcc/tasks.o
                0x0000131c                xTaskGetTickCount
 .text.xTaskIncrementTick
                0x00001338      0x170 gcc/tasks.o
                0x00001338                xTaskIncrementTick
 .text.vTaskSwitchContext
                0x000014a8       0xb4 gcc/tasks.o
                0x000014a8                vTaskSwitchContext
 .text.prvIdleTask
                0x0000155c        0xe gcc/tasks.o
 *fill*         0x0000156a        0x2 
 .text.prvInitialiseTaskLists
                0x0000156c       0x6c gcc/tasks.o
 .text.prvCheckTasksWaitingTermination
                0x000015d8        0xc gcc/tasks.o
 .text.prvResetNextTaskUnblockTime
                0x000015e4       0x34 gcc/tasks.o
 .text.prvAddCurrentTaskToDelayedList
                0x00001618       0xa8 gcc/tasks.o
 .text.vListInitialise
                0x000016c0       0x3e gcc/list.o
                0x000016c0                vListInitialise
 .text.vListInitialiseItem
                0x000016fe       0x18 gcc/list.o
                0x000016fe                vListInitialiseItem
 .text.vListInsertEnd
                0x00001716       0x46 gcc/list.o
                0x00001716                vListInsertEnd
 .text.vListInsert
                0x0000175c       0x70 gcc/list.o
                0x0000175c                vListInsert
 .text.uxListRemove
                0x000017cc       0x52 gcc/list.o
                0x000017cc                uxListRemove
 *fill*         0x0000181e        0x2 
 .text.pxPortInitialiseStack
                0x00001820       0x58 gcc/port.o
                0x00001820                pxPortInitialiseStack
 .text.prvTaskExitError
                0x00001878       0x58 gcc/port.o
 .text.SVC_Handler
                0x000018d0       0x28 gcc/port.o
                0x000018d0                SVC_Handler
 .text.prvPortStartFirstTask
                0x000018f8       0x24 gcc/port.o
 .text.xPortStartScheduler
                0x0000191c       0xc0 gcc/port.o
                0x0000191c                xPortStartScheduler
 .text.vPortEnterCritical
                0x000019dc       0x60 gcc/port.o
                0x000019dc                vPortEnterCritical
 .text.vPortExitCritical
                0x00001a3c       0x50 gcc/port.o
                0x00001a3c                vPortExitCritical
 *fill*         0x00001a8c        0x4 
 .text.PendSV_Handler
                0x00001a90       0x48 gcc/port.o
                0x00001a90                PendSV_Handler
 .text.SysTick_Handler
                0x00001ad8       0x44 gcc/port.o
                0x00001ad8                SysTick_Handler
 .text.vPortSetupTimerInterrupt
                0x00001b1c       0x34 gcc/port.o
                0x00001b1c                vPortSetupTimerInterrupt
 .text.pvPortMalloc
                0x00001b50      0x15c gcc/heap_2.o
                0x00001b50                pvPortMalloc
 .text.vPortFree
                0x00001cac       0x74 gcc/heap_2.o
                0x00001cac                vPortFree
 .text.prvHeapInit
                0x00001d20       0x50 gcc/heap_2.o
 .text.memset   0x00001d70       0x10 c:/program files (x86)/gnu arm embedded toolchain/10 2021.10/bin/../lib/gcc/arm-none-eabi/10.3.1/../../../../arm-none-eabi/lib/thumb/v7-m/nofp\libg_nano.a(lib_a-memset.o)
                0x00001d70                memset
 *(.init)
 *(.fini)
 *crtbegin.o(.ctors)
 *crtbegin?.o(.ctors)
 *(EXCLUDE_FILE(*crtend.o *crtend?.o) .ctors)
 *(SORT_BY_NAME(.ctors.*))
 *(.ctors)
 *crtbegin.o(.dtors)
 *crtbegin?.o(.dtors)
 *(EXCLUDE_FILE(*crtend.o *crtend?.o) .dtors)
 *(SORT_BY_NAME(.dtors.*))
 *(.dtors)
 *(.rodata*)
 .rodata        0x00001d80        0xb gcc/main.o
 *fill*         0x00001d8b        0x1 
 .rodata        0x00001d8c        0x5 gcc/tasks.o
 *(.eh_frame*)

.glue_7         0x00001d94        0x0
 .glue_7        0x00001d94        0x0 linker stubs

.glue_7t        0x00001d94        0x0
 .glue_7t       0x00001d94        0x0 linker stubs

.vfp11_veneer   0x00001d94        0x0
 .vfp11_veneer  0x00001d94        0x0 linker stubs

.v4_bx          0x00001d94        0x0
 .v4_bx         0x00001d94        0x0 linker stubs

.iplt           0x00001d94        0x0
 .iplt          0x00001d94        0x0 gcc/clock_efm32gg.o

.rel.dyn        0x00001d94        0x0
 .rel.iplt      0x00001d94        0x0 gcc/clock_efm32gg.o

.ARM.extab
 *(.ARM.extab* .gnu.linkonce.armextab.*)
                0x00001d91                __exidx_start = .

.ARM.exidx
 *(.ARM.exidx* .gnu.linkonce.armexidx.*)
                0x00001d91                __exidx_end = .
                0x00001d91                __etext = .

.data           0x20000000       0x14 load address 0x00001d91
                0x20000000                __data_start__ = .
 *(vtable)
 *(.data*)
 .data.SystemHFXOClock
                0x20000000        0x4 gcc/system_efm32gg.o
 .data.SystemLFXOClock
                0x20000004        0x4 gcc/system_efm32gg.o
 .data.uxTopUsedPriority
                0x20000008        0x4 gcc/tasks.o
                0x20000008                uxTopUsedPriority
 .data.uxCriticalNesting
                0x2000000c        0x4 gcc/port.o
 .data.xFreeBytesRemaining
                0x20000010        0x4 gcc/heap_2.o
                0x20000014                . = ALIGN (0x4)
 *(.ram)
                0x20000014                . = ALIGN (0x4)
                [!provide]                PROVIDE (__preinit_array_start = .)
 *(.preinit_array)
                [!provide]                PROVIDE (__preinit_array_end = .)
                0x20000014                . = ALIGN (0x4)
                [!provide]                PROVIDE (__init_array_start = .)
 *(SORT_BY_NAME(.init_array.*))
 *(.init_array)
                [!provide]                PROVIDE (__init_array_end = .)
                0x20000014                . = ALIGN (0x4)
                [!provide]                PROVIDE (__fini_array_start = .)
 *(SORT_BY_NAME(.fini_array.*))
 *(.fini_array)
                [!provide]                PROVIDE (__fini_array_end = .)
 *(.jcr*)
                0x20000014                . = ALIGN (0x4)
                0x20000014                __data_end__ = .

.igot.plt       0x20000014        0x0 load address 0x00001da8
 .igot.plt      0x20000014        0x0 gcc/clock_efm32gg.o

.bss            0x20000014     0xcbfc load address 0x00001da8
                0x20000014                . = ALIGN (0x4)
                0x20000014                __bss_start__ = .
 *(.bss*)
 .bss.FaultInfo
                0x20000014        0x4 gcc/startup_efm32gg.o
                0x20000014                FaultInfo
 .bss.VecActive
                0x20000018        0x1 gcc/startup_efm32gg.o
                0x20000018                VecActive
 *fill*         0x20000019        0x3 
 .bss.SystemCoreClock
                0x2000001c        0x4 gcc/system_efm32gg.o
                0x2000001c                SystemCoreClock
 .bss.lastread  0x20000020        0x4 gcc/button.o
 .bss.inputpins
                0x20000024        0x4 gcc/button.o
 .bss.transmissao
                0x20000028        0x1 gcc/main.o
                0x20000028                transmissao
 .bss.recepcao  0x20000029        0x1 gcc/main.o
                0x20000029                recepcao
 .bss.iniciou   0x2000002a        0x1 gcc/main.o
                0x2000002a                iniciou
 *fill*         0x2000002b        0x1 
 .bss.cont      0x2000002c        0x4 gcc/main.o
                0x2000002c                cont
 .bss.dados     0x20000030     0x2ee0 gcc/main.o
                0x20000030                dados
 .bss.lastread  0x20002f10        0x4 gcc/receptor.o
 .bss.inputpins
                0x20002f14        0x4 gcc/receptor.o
 .bss.pxCurrentTCB
                0x20002f18        0x4 gcc/tasks.o
                0x20002f18                pxCurrentTCB
 .bss.pxReadyTasksLists
                0x20002f1c       0x28 gcc/tasks.o
 .bss.xDelayedTaskList1
                0x20002f44       0x14 gcc/tasks.o
 .bss.xDelayedTaskList2
                0x20002f58       0x14 gcc/tasks.o
 .bss.pxDelayedTaskList
                0x20002f6c        0x4 gcc/tasks.o
 .bss.pxOverflowDelayedTaskList
                0x20002f70        0x4 gcc/tasks.o
 .bss.xPendingReadyList
                0x20002f74       0x14 gcc/tasks.o
 .bss.uxCurrentNumberOfTasks
                0x20002f88        0x4 gcc/tasks.o
 .bss.xTickCount
                0x20002f8c        0x4 gcc/tasks.o
 .bss.uxTopReadyPriority
                0x20002f90        0x4 gcc/tasks.o
 .bss.xSchedulerRunning
                0x20002f94        0x4 gcc/tasks.o
 .bss.xPendedTicks
                0x20002f98        0x4 gcc/tasks.o
 .bss.xYieldPending
                0x20002f9c        0x4 gcc/tasks.o
 .bss.xNumOfOverflows
                0x20002fa0        0x4 gcc/tasks.o
 .bss.uxTaskNumber
                0x20002fa4        0x4 gcc/tasks.o
 .bss.xNextTaskUnblockTime
                0x20002fa8        0x4 gcc/tasks.o
 .bss.xIdleTaskHandle
                0x20002fac        0x4 gcc/tasks.o
 .bss.uxSchedulerSuspended
                0x20002fb0        0x4 gcc/tasks.o
 .bss.ucMaxSysCallPriority
                0x20002fb4        0x1 gcc/port.o
 *fill*         0x20002fb5        0x3 
 .bss.ulMaxPRIGROUPValue
                0x20002fb8        0x4 gcc/port.o
 .bss.ucHeap    0x20002fbc     0x9c40 gcc/heap_2.o
 .bss.xStart    0x2000cbfc        0x8 gcc/heap_2.o
 .bss.xEnd      0x2000cc04        0x8 gcc/heap_2.o
 .bss.xHeapHasBeenInitialised.0
                0x2000cc0c        0x4 gcc/heap_2.o
 *(COMMON)
                0x2000cc10                . = ALIGN (0x4)
                0x2000cc10                __bss_end__ = .

.heap           0x2000cc10      0xc00
                0x2000cc10                __HeapBase = .
                0x2000cc10                __end__ = .
                0x2000cc10                end = __end__
                0x2000cc10                _end = __end__
 *(.heap*)
 .heap          0x2000cc10      0xc00 gcc/startup_efm32gg.o
                0x2000d810                __HeapLimit = .

.stack_dummy    0x2000d810      0x400
 *(.stack*)
 .stack         0x2000d810      0x400 gcc/startup_efm32gg.o
                0x20020000                __StackTop = (ORIGIN (RAM) + LENGTH (RAM))
                0x2001fc00                __StackLimit = (__StackTop - SIZEOF (.stack_dummy))
                [!provide]                PROVIDE (__stack = __StackTop)
                0x00000001                ASSERT ((__StackLimit >= __HeapLimit), region RAM overflowed with stack)
                0x00000001                ASSERT ((LENGTH (FLASH) >= (__etext + SIZEOF (.data))), FLASH memory overflowed !)
OUTPUT(gcc/freertos1.axf elf32-littlearm)
LOAD linker stubs

.debug_info     0x00000000     0x5178
 .debug_info    0x00000000      0x8ba gcc/clock_efm32gg.o
 .debug_info    0x000008ba      0x23c gcc/em_system.o
 .debug_info    0x00000af6      0x50e gcc/led.o
 .debug_info    0x00001004      0x3c7 gcc/startup_efm32gg.o
 .debug_info    0x000013cb      0x504 gcc/system_efm32gg.o
 .debug_info    0x000018cf      0x50e gcc/transmissor.o
 .debug_info    0x00001ddd      0x54d gcc/button.o
 .debug_info    0x0000232a      0x923 gcc/main.o
 .debug_info    0x00002c4d      0x4a2 gcc/receptor.o
 .debug_info    0x000030ef     0x1615 gcc/tasks.o
 .debug_info    0x00004704      0x2cd gcc/list.o
 .debug_info    0x000049d1      0x477 gcc/port.o
 .debug_info    0x00004e48      0x330 gcc/heap_2.o

.debug_abbrev   0x00000000     0x1437
 .debug_abbrev  0x00000000      0x1f2 gcc/clock_efm32gg.o
 .debug_abbrev  0x000001f2       0xfd gcc/em_system.o
 .debug_abbrev  0x000002ef      0x12d gcc/led.o
 .debug_abbrev  0x0000041c      0x155 gcc/startup_efm32gg.o
 .debug_abbrev  0x00000571      0x185 gcc/system_efm32gg.o
 .debug_abbrev  0x000006f6      0x12d gcc/transmissor.o
 .debug_abbrev  0x00000823      0x13a gcc/button.o
 .debug_abbrev  0x0000095d      0x269 gcc/main.o
 .debug_abbrev  0x00000bc6      0x11c gcc/receptor.o
 .debug_abbrev  0x00000ce2      0x29c gcc/tasks.o
 .debug_abbrev  0x00000f7e       0xef gcc/list.o
 .debug_abbrev  0x0000106d      0x219 gcc/port.o
 .debug_abbrev  0x00001286      0x1b1 gcc/heap_2.o

.debug_aranges  0x00000000      0x4b0
 .debug_aranges
                0x00000000       0x68 gcc/clock_efm32gg.o
 .debug_aranges
                0x00000068       0x28 gcc/em_system.o
 .debug_aranges
                0x00000090       0x40 gcc/led.o
 .debug_aranges
                0x000000d0       0x38 gcc/startup_efm32gg.o
 .debug_aranges
                0x00000108       0x70 gcc/system_efm32gg.o
 .debug_aranges
                0x00000178       0x40 gcc/transmissor.o
 .debug_aranges
                0x000001b8       0x40 gcc/button.o
 .debug_aranges
                0x000001f8       0x58 gcc/main.o
 .debug_aranges
                0x00000250       0x28 gcc/receptor.o
 .debug_aranges
                0x00000278      0x140 gcc/tasks.o
 .debug_aranges
                0x000003b8       0x40 gcc/list.o
 .debug_aranges
                0x000003f8       0x78 gcc/port.o
 .debug_aranges
                0x00000470       0x40 gcc/heap_2.o

.debug_ranges   0x00000000      0x3e0
 .debug_ranges  0x00000000       0x58 gcc/clock_efm32gg.o
 .debug_ranges  0x00000058       0x18 gcc/em_system.o
 .debug_ranges  0x00000070       0x30 gcc/led.o
 .debug_ranges  0x000000a0       0x28 gcc/startup_efm32gg.o
 .debug_ranges  0x000000c8       0x60 gcc/system_efm32gg.o
 .debug_ranges  0x00000128       0x30 gcc/transmissor.o
 .debug_ranges  0x00000158       0x30 gcc/button.o
 .debug_ranges  0x00000188       0x48 gcc/main.o
 .debug_ranges  0x000001d0       0x18 gcc/receptor.o
 .debug_ranges  0x000001e8      0x130 gcc/tasks.o
 .debug_ranges  0x00000318       0x30 gcc/list.o
 .debug_ranges  0x00000348       0x68 gcc/port.o
 .debug_ranges  0x000003b0       0x30 gcc/heap_2.o

.debug_line     0x00000000     0x3260
 .debug_line    0x00000000      0x60a gcc/clock_efm32gg.o
 .debug_line    0x0000060a      0x1ec gcc/em_system.o
 .debug_line    0x000007f6      0x20a gcc/led.o
 .debug_line    0x00000a00      0x1c7 gcc/startup_efm32gg.o
 .debug_line    0x00000bc7      0x316 gcc/system_efm32gg.o
 .debug_line    0x00000edd      0x207 gcc/transmissor.o
 .debug_line    0x000010e4      0x237 gcc/button.o
 .debug_line    0x0000131b      0x43c gcc/main.o
 .debug_line    0x00001757      0x1b6 gcc/receptor.o
 .debug_line    0x0000190d      0xf01 gcc/tasks.o
 .debug_line    0x0000280e      0x2ab gcc/list.o
 .debug_line    0x00002ab9      0x427 gcc/port.o
 .debug_line    0x00002ee0      0x380 gcc/heap_2.o

.debug_str      0x00000000     0x1c7a
 .debug_str     0x00000000      0x555 gcc/clock_efm32gg.o
                                0x5da (size before relaxing)
 .debug_str     0x00000555       0xf3 gcc/em_system.o
                                0x25a (size before relaxing)
 .debug_str     0x00000648       0xd6 gcc/led.o
                                0x33d (size before relaxing)
 .debug_str     0x0000071e      0x16e gcc/startup_efm32gg.o
                                0x2a7 (size before relaxing)
 .debug_str     0x0000088c       0xe0 gcc/system_efm32gg.o
                                0x41b (size before relaxing)
 .debug_str     0x0000096c       0x69 gcc/transmissor.o
                                0x36d (size before relaxing)
 .debug_str     0x000009d5       0x8c gcc/button.o
                                0x38b (size before relaxing)
 .debug_str     0x00000a61      0x3ce gcc/main.o
                                0x76c (size before relaxing)
 .debug_str     0x00000e2f       0x27 gcc/receptor.o
                                0x347 (size before relaxing)
 .debug_str     0x00000e56      0xa06 gcc/tasks.o
                                0xbe4 (size before relaxing)
 .debug_str     0x0000185c       0xbb gcc/list.o
                                0x2cc (size before relaxing)
 .debug_str     0x00001917      0x1f5 gcc/port.o
                                0x402 (size before relaxing)
 .debug_str     0x00001b0c      0x16e gcc/heap_2.o
                                0x336 (size before relaxing)

.comment        0x00000000       0x49
 .comment       0x00000000       0x49 gcc/clock_efm32gg.o
                                 0x4a (size before relaxing)
 .comment       0x00000049       0x4a gcc/em_system.o
 .comment       0x00000049       0x4a gcc/led.o
 .comment       0x00000049       0x4a gcc/startup_efm32gg.o
 .comment       0x00000049       0x4a gcc/system_efm32gg.o
 .comment       0x00000049       0x4a gcc/transmissor.o
 .comment       0x00000049       0x4a gcc/button.o
 .comment       0x00000049       0x4a gcc/main.o
 .comment       0x00000049       0x4a gcc/receptor.o
 .comment       0x00000049       0x4a gcc/tasks.o
 .comment       0x00000049       0x4a gcc/list.o
 .comment       0x00000049       0x4a gcc/port.o
 .comment       0x00000049       0x4a gcc/heap_2.o

.ARM.attributes
                0x00000000       0x2d
 .ARM.attributes
                0x00000000       0x2d gcc/clock_efm32gg.o
 .ARM.attributes
                0x0000002d       0x2d gcc/em_system.o
 .ARM.attributes
                0x0000005a       0x2d gcc/led.o
 .ARM.attributes
                0x00000087       0x2d gcc/startup_efm32gg.o
 .ARM.attributes
                0x000000b4       0x2d gcc/system_efm32gg.o
 .ARM.attributes
                0x000000e1       0x2d gcc/transmissor.o
 .ARM.attributes
                0x0000010e       0x2d gcc/button.o
 .ARM.attributes
                0x0000013b       0x2d gcc/main.o
 .ARM.attributes
                0x00000168       0x2d gcc/receptor.o
 .ARM.attributes
                0x00000195       0x2d gcc/tasks.o
 .ARM.attributes
                0x000001c2       0x2d gcc/list.o
 .ARM.attributes
                0x000001ef       0x2d gcc/port.o
 .ARM.attributes
                0x0000021c       0x2d gcc/heap_2.o
 .ARM.attributes
                0x00000249       0x2d c:/program files (x86)/gnu arm embedded toolchain/10 2021.10/bin/../lib/gcc/arm-none-eabi/10.3.1/../../../../arm-none-eabi/lib/thumb/v7-m/nofp\libg_nano.a(lib_a-memset.o)

.debug_frame    0x00000000     0x1048
 .debug_frame   0x00000000      0x178 gcc/clock_efm32gg.o
 .debug_frame   0x00000178       0x60 gcc/em_system.o
 .debug_frame   0x000001d8       0xd4 gcc/led.o
 .debug_frame   0x000002ac       0x78 gcc/startup_efm32gg.o
 .debug_frame   0x00000324      0x180 gcc/system_efm32gg.o
 .debug_frame   0x000004a4       0xd4 gcc/transmissor.o
 .debug_frame   0x00000578       0xd0 gcc/button.o
 .debug_frame   0x00000648      0x118 gcc/main.o
 .debug_frame   0x00000760       0x58 gcc/receptor.o
 .debug_frame   0x000007b8      0x540 gcc/tasks.o
 .debug_frame   0x00000cf8       0xd8 gcc/list.o
 .debug_frame   0x00000dd0      0x198 gcc/port.o
 .debug_frame   0x00000f68       0xc0 gcc/heap_2.o
 .debug_frame   0x00001028       0x20 c:/program files (x86)/gnu arm embedded toolchain/10 2021.10/bin/../lib/gcc/arm-none-eabi/10.3.1/../../../../arm-none-eabi/lib/thumb/v7-m/nofp\libg_nano.a(lib_a-memset.o)
